 ClubServer

 Timestamp is 5f9f22f3 (Mon Nov 02 05:04:51 2020)

 Preferred load address is 00400000

 Start         Length     Name                   Class
 0001:00000000 0000004aH .text$di                CODE
 0001:00000050 000208e0H .text$mn                CODE
 0001:00020930 0000185bH .text$x                 CODE
 0001:00022190 00000025H .text$yd                CODE
 0002:00000000 00000568H .idata$5                DATA
 0002:00000568 00000004H .CRT$XCA                DATA
 0002:0000056c 00000004H .CRT$XCAA               DATA
 0002:00000570 00000008H .CRT$XCL                DATA
 0002:00000578 00000004H .CRT$XCU                DATA
 0002:0000057c 00000004H .CRT$XCZ                DATA
 0002:00000580 00000004H .CRT$XIA                DATA
 0002:00000584 00000004H .CRT$XIAA               DATA
 0002:00000588 00000008H .CRT$XIC                DATA
 0002:00000590 00000004H .CRT$XIY                DATA
 0002:00000594 00000004H .CRT$XIZ                DATA
 0002:000005a0 00005310H .rdata                  DATA
 0002:000058b0 00000088H .rdata$debug            DATA
 0002:00005938 00000f50H .rdata$r                DATA
 0002:00006890 0000019cH .rdata$sxdata           DATA
 0002:00006a2c 00000004H .rtc$IAA                DATA
 0002:00006a30 00000004H .rtc$IZZ                DATA
 0002:00006a34 00000004H .rtc$TAA                DATA
 0002:00006a38 00000004H .rtc$TZZ                DATA
 0002:00006a40 000022e4H .xdata$x                DATA
 0002:00008d24 00000000H ATL$__a                 DATA
 0002:00008d24 00000000H ATL$__z                 DATA
 0002:00008d24 00000000H .edata                  DATA
 0002:00008d24 000000b4H .idata$2                DATA
 0002:00008dd8 00000014H .idata$3                DATA
 0002:00008dec 00000568H .idata$4                DATA
 0002:00009354 00000d6aH .idata$6                DATA
 0003:00000000 00000240H .data                   DATA
 0003:00000240 00000888H .data$r                 DATA
 0003:00000ac8 000014a4H .bss                    DATA
 0004:00000000 00000388H .rsrc$01                DATA
 0004:00000390 000593d8H .rsrc$02                DATA

  Address         Publics by Value              Rva+Base       Lib:Object

 0000:00000000       ___guard_flags             00000000     <absolute>
 0000:00000000       ___guard_fids_count        00000000     <absolute>
 0000:00000000       __except_list              00000000     <absolute>
 0000:00000000       ___guard_fids_table        00000000     <absolute>
 0000:00000067       ___safe_se_handler_count   00000067     <absolute>
 0000:00009876       __fltused                  00009876     <absolute>
 0000:00009876       __ldused                   00009876     <absolute>
 0000:00000000       ___ImageBase               00400000     <linker-defined>
 0001:00000050       ??_ECAccessServerApp@@UAEPAXI@Z 00401050 f i AccessServer.obj
 0001:00000050       ??_GCAccessServerApp@@UAEPAXI@Z 00401050 f i AccessServer.obj
 0001:00000080       ?GetApplicationRecoveryPingInterval@CWinApp@@UAEKXZ 00401080 f i AccessServer.obj
 0001:00000090       ?GetMessageMap@CAccessServerApp@@MBEPBUAFX_MSGMAP@@XZ 00401090 f   AccessServer.obj
 0001:000000a0       ?InitInstance@CAccessServerApp@@UAEHXZ 004010a0 f   AccessServer.obj
 0001:00000150       ?ReopenPreviousFilesAtRestart@CWinApp@@UBEHXZ 00401150 f i AccessServer.obj
 0001:00000160       ?RestoreAutosavedFilesAtRestart@CWinApp@@UBEHXZ 00401160 f i AccessServer.obj
 0001:00000170       ?SupportsApplicationRecovery@CWinApp@@UBEHXZ 00401170 f i AccessServer.obj
 0001:00000180       ?SupportsAutosaveAtInterval@CWinApp@@UBEHXZ 00401180 f i AccessServer.obj
 0001:00000190       ?SupportsAutosaveAtRestart@CWinApp@@UBEHXZ 00401190 f i AccessServer.obj
 0001:000001a0       ?SupportsRestartManager@CWinApp@@UBEHXZ 004011a0 f i AccessServer.obj
 0001:000001b0       ??$_snwprintf_s@$0IA@@@YAHAAY0IA@_WIPB_WZZ 004011b0 f i AccessServerDlg.obj
 0001:000001d0       ??0CAccessServerDlg@@QAE@XZ 004011d0 f   AccessServerDlg.obj
 0001:00000250       ??1CAccessServerDlg@@UAE@XZ 00401250 f   AccessServerDlg.obj
 0001:000002d0       ??_ECAccessServerDlg@@UAEPAXI@Z 004012d0 f i AccessServerDlg.obj
 0001:000002d0       ??_GCAccessServerDlg@@UAEPAXI@Z 004012d0 f i AccessServerDlg.obj
 0001:00000360       ?BeginModalState@CWnd@@UAEXXZ 00401360 f i AccessServerDlg.obj
 0001:00000370       ?Create@CDialog@@UAEHIPAVCWnd@@@Z 00401370 f i AccessServerDlg.obj
 0001:00000390       ?DoDataExchange@CAccessServerDlg@@MAEXPAVCDataExchange@@@Z 00401390 f   AccessServerDlg.obj
 0001:000003b0       ?DoDataExchange@CWnd@@MAEXPAVCDataExchange@@@Z 004013b0 f i AccessServerDlg.obj
 0001:000003b0       ?Serialize@CObject@@UAEXAAVCArchive@@@Z 004013b0 f i AccessServer.obj
 0001:000003b0       ?Dump@CObject@@UBEXAAVCDumpContext@@@Z 004013b0 f i AccessServer.obj
 0001:000003c0       ?EndModalState@CWnd@@UAEXXZ 004013c0 f i AccessServerDlg.obj
 0001:000003d0       ?GetMessageMap@CAccessServerDlg@@MBEPBUAFX_MSGMAP@@XZ 004013d0 f   AccessServerDlg.obj
 0001:000003e0       ?AssertValid@CObject@@UBEXXZ 004013e0 f   AccessServer.obj
 0001:000003e0       ?Release@CDataBaseEngineSink@@UAEXXZ 004013e0 f   DataBaseEngineSink.obj
 0001:000003e0       ?OnOK@CAccessServerDlg@@MAEXXZ 004013e0 f   AccessServerDlg.obj
 0001:000003e0       ?Release@CAttemperEngineSink@@UAEXXZ 004013e0 f   AttemperEngineSink.obj
 0001:000003e0       ?OnBnClickedLoadOption@CAccessServerDlg@@IAEXXZ 004013e0 f   AccessServerDlg.obj
 0001:000003f0       ?OnBnClickedStartService@CAccessServerDlg@@IAEXXZ 004013f0 f   AccessServerDlg.obj
 0001:00000490       ?OnBnClickedStopService@CAccessServerDlg@@IAEXXZ 00401490 f   AccessServerDlg.obj
 0001:000004f0       ?OnCancel@CAccessServerDlg@@MAEXXZ 004014f0 f   AccessServerDlg.obj
 0001:00000540       ?OnInitDialog@CAccessServerDlg@@MAEHXZ 00401540 f   AccessServerDlg.obj
 0001:000005a0       ?OnQueryEndSession@CAccessServerDlg@@QAEHXZ 004015a0 f   AccessServerDlg.obj
 0001:000005e0       ?OnServiceUnitsStatus@CAccessServerDlg@@UAEXW4enServiceStatus@@@Z 004015e0 f   AccessServerDlg.obj
 0001:000007f0       ?PreTranslateMessage@CAccessServerDlg@@MAEHPAUtagMSG@@@Z 004017f0 f   AccessServerDlg.obj
 0001:00000820       ??$_snwprintf_s@$0BAE@@@YAHAAY0BAE@_WIPB_WZZ 00401820 f i AttemperEngineSink.obj
 0001:00000840       ??$_snwprintf_s@$0CAA@@@YAHAAY0CAA@_WIPB_WZZ 00401840 f i AttemperEngineSink.obj
 0001:00000860       ??$swprintf_s@$0BAE@@@YAHAAY0BAE@_WPB_WZZ 00401860 f i AttemperEngineSink.obj
 0001:00000880       ??0CAttemperEngineSink@@QAE@XZ 00401880 f   AttemperEngineSink.obj
 0001:000009f0       ??1?$CWHArray@UtagIMGroupOption@@ABU1@@@UAE@XZ 004019f0 f i AttemperEngineSink.obj
 0001:00000a20       ??1CAttemperEngineSink@@UAE@XZ 00401a20 f   AttemperEngineSink.obj
 0001:00000ad0       ??_G?$CWHArray@UtagIMGroupOption@@ABU1@@@UAEPAXI@Z 00401ad0 f i AttemperEngineSink.obj
 0001:00000ad0       ??_E?$CWHArray@UtagIMGroupOption@@ABU1@@@UAEPAXI@Z 00401ad0 f i AttemperEngineSink.obj
 0001:00000b10       ??_ECAttemperEngineSink@@UAEPAXI@Z 00401b10 f i AttemperEngineSink.obj
 0001:00000b10       ??_GCAttemperEngineSink@@UAEPAXI@Z 00401b10 f i AttemperEngineSink.obj
 0001:00000b40       ?AllocMemory@?$CWHArray@UtagIMGroupOption@@ABU1@@@QAEXH@Z 00401b40 f i AttemperEngineSink.obj
 0001:00000bd0       ?AtlThrowImpl@ATL@@YGXJ@Z  00401bd0 f i AttemperEngineSink.obj
 0001:00000bf0       ?CheckClubName@CAttemperEngineSink@@IAEHPB_W@Z 00401bf0 f   AttemperEngineSink.obj
 0001:00000cd0       ?CheckClubUser@CAttemperEngineSink@@IAE_NKK@Z 00401cd0 f   AttemperEngineSink.obj
 0001:00000e10       ?GetAssocAt@?$CMap@KKUtagClubTableInfo@@AAU1@@@IBEPAVCAssoc@1@KAAI0@Z 00401e10 f i AttemperEngineSink.obj
 0001:00000e80       ?GetBindParameter@CAttemperEngineSink@@IAEPAUtagBindParameter@@G@Z 00401e80 f   AttemperEngineSink.obj
 0001:00000ec0       ?GetLocalTm@CTime@ATL@@QBEPAUtm@@PAU3@@Z 00401ec0 f i AttemperEngineSink.obj
 0001:00000f40       ?GetNextAssoc@?$CMap@KKUtagClubTableInfo@@AAU1@@@QBEXAAPAU__POSITION@@AAKAAUtagClubTableInfo@@@Z 00401f40 f i AttemperEngineSink.obj
 0001:00000fe0       ?Lookup@?$CMap@KKUtagClubTableInfo@@AAU1@@@QBEHKAAUtagClubTableInfo@@@Z 00401fe0 f i AttemperEngineSink.obj
 0001:00001020       ?OnAttemperEngineConclude@CAttemperEngineSink@@UAE_NPAUIUnknownEx@@@Z 00402020 f   AttemperEngineSink.obj
 0001:000011d0       ?OnAttemperEngineStart@CAttemperEngineSink@@UAE_NPAUIUnknownEx@@@Z 004021d0 f   AttemperEngineSink.obj
 0001:00001280       ?OnDBAddTeamer@CAttemperEngineSink@@IAE_NKPAXG@Z 00402280 f   AttemperEngineSink.obj
 0001:000014e0       ?OnDBAppendConfig@CAttemperEngineSink@@IAE_NKPAXG@Z 004024e0 f   AttemperEngineSink.obj
 0001:00001700       ?OnDBApplyDelResult@CAttemperEngineSink@@IAE_NKPAXG@Z 00402700 f   AttemperEngineSink.obj
 0001:000018b0       ?OnDBApplyMessage@CAttemperEngineSink@@IAE_NKPAXG@Z 004028b0 f   AttemperEngineSink.obj
 0001:00001960       ?OnDBBattleResult@CAttemperEngineSink@@IAE_NKPAXG@Z 00402960 f   AttemperEngineSink.obj
 0001:00001a00       ?OnDBBigWinnerShow@CAttemperEngineSink@@IAE_NKPAXG@Z 00402a00 f   AttemperEngineSink.obj
 0001:00001a60       ?OnDBBlindCode@CAttemperEngineSink@@IAE_NKPAXG@Z 00402a60 f   AttemperEngineSink.obj
 0001:00001ba0       ?OnDBBoxInfo@CAttemperEngineSink@@IAE_NKPAXG@Z 00402ba0 f   AttemperEngineSink.obj
 0001:00001c00       ?OnDBCaptainList@CAttemperEngineSink@@IAE_NKPAXG@Z 00402c00 f   AttemperEngineSink.obj
 0001:00001c60       ?OnDBCaptainPoint@CAttemperEngineSink@@IAE_NKPAXG@Z 00402c60 f   AttemperEngineSink.obj
 0001:00001d60       ?OnDBClearMedal@CAttemperEngineSink@@IAE_NKPAXG@Z 00402d60 f   AttemperEngineSink.obj
 0001:00001df0       ?OnDBCreateGroup@CAttemperEngineSink@@IAE_NKPAXG@Z 00402df0 f   AttemperEngineSink.obj
 0001:00001fc0       ?OnDBDayRecordList@CAttemperEngineSink@@IAE_NKPAXG@Z 00402fc0 f   AttemperEngineSink.obj
 0001:00002020       ?OnDBDeleteConfig@CAttemperEngineSink@@IAE_NKPAXG@Z 00403020 f   AttemperEngineSink.obj
 0001:00002220       ?OnDBDeleteGroup@CAttemperEngineSink@@IAE_NKPAXG@Z 00403220 f   AttemperEngineSink.obj
 0001:00002360       ?OnDBDeleteMember@CAttemperEngineSink@@IAE_NKPAXG@Z 00403360 f   AttemperEngineSink.obj
 0001:000025c0       ?OnDBFavoriteConfig@CAttemperEngineSink@@IAE_NKPAXG@Z 004035c0 f   AttemperEngineSink.obj
 0001:00002660       ?OnDBForbidWords@CAttemperEngineSink@@IAE_NKPAXG@Z 00403660 f   AttemperEngineSink.obj
 0001:00002740       ?OnDBFreeTableLImit@CAttemperEngineSink@@IAE_NKPAXG@Z 00403740 f   AttemperEngineSink.obj
 0001:000027a0       ?OnDBGetAwardScore@CAttemperEngineSink@@IAE_NKPAXG@Z 004037a0 f   AttemperEngineSink.obj
 0001:000028b0       ?OnDBGroupCommonInfo@CAttemperEngineSink@@IAE_NKPAXG@Z 004038b0 f   AttemperEngineSink.obj
 0001:00002920       ?OnDBGroupConfig@CAttemperEngineSink@@IAE_NKPAXG@Z 00403920 f   AttemperEngineSink.obj
 0001:00002a20       ?OnDBGroupDayDetailList@CAttemperEngineSink@@IAE_NKPAXG@Z 00403a20 f   AttemperEngineSink.obj
 0001:00002a80       ?OnDBGroupItem@CAttemperEngineSink@@IAE_NKPAXG@Z 00403a80 f   AttemperEngineSink.obj
 0001:00002ae0       ?OnDBGroupList@CAttemperEngineSink@@IAE_NKPAXG@Z 00403ae0 f   AttemperEngineSink.obj
 0001:00002bb0       ?OnDBGroupListFinish@CAttemperEngineSink@@IAE_NKPAXG@Z 00403bb0 f   AttemperEngineSink.obj
 0001:00002c90       ?OnDBGroupMember@CAttemperEngineSink@@IAE_NKPAXG@Z 00403c90 f   AttemperEngineSink.obj
 0001:00002ed0       ?OnDBGroupName@CAttemperEngineSink@@IAE_NKPAXG@Z 00403ed0 f   AttemperEngineSink.obj
 0001:00002f50       ?OnDBGroupOption@CAttemperEngineSink@@IAE_NKPAXG@Z 00403f50 f   AttemperEngineSink.obj
 0001:00003060       ?OnDBGroupPrivacy@CAttemperEngineSink@@IAE_NKPAXG@Z 00404060 f   AttemperEngineSink.obj
 0001:000030c0       ?OnDBGroupStatus@CAttemperEngineSink@@IAE_NKPAXG@Z 004040c0 f   AttemperEngineSink.obj
 0001:00003120       ?OnDBInOutMode@CAttemperEngineSink@@IAE_NKPAXG@Z 00404120 f   AttemperEngineSink.obj
 0001:000031a0       ?OnDBInsertMember@CAttemperEngineSink@@IAE_NKPAXG@Z 004041a0 f   AttemperEngineSink.obj
 0001:00003490       ?OnDBInvitationCode@CAttemperEngineSink@@IAE_NKPAXG@Z 00404490 f   AttemperEngineSink.obj
 0001:000034f0       ?OnDBLogonFailure@CAttemperEngineSink@@IAE_NKPAXG@Z 004044f0 f   AttemperEngineSink.obj
 0001:000035c0       ?OnDBLogonSuccess@CAttemperEngineSink@@IAE_NKPAXG@Z 004045c0 f   AttemperEngineSink.obj
 0001:000038d0       ?OnDBMedalMode@CAttemperEngineSink@@IAE_NKPAXG@Z 004048d0 f   AttemperEngineSink.obj
 0001:00003ab0       ?OnDBModifyConfig@CAttemperEngineSink@@IAE_NKPAXG@Z 00404ab0 f   AttemperEngineSink.obj
 0001:00003c10       ?OnDBModifyInfo@CAttemperEngineSink@@IAE_NKPAXG@Z 00404c10 f   AttemperEngineSink.obj
 0001:00003e50       ?OnDBModifyRight@CAttemperEngineSink@@IAE_NKPAXG@Z 00404e50 f   AttemperEngineSink.obj
 0001:00004040       ?OnDBOperateFailure@CAttemperEngineSink@@IAE_NKPAXG@Z 00405040 f   AttemperEngineSink.obj
 0001:00004150       ?OnDBOperateSuccess@CAttemperEngineSink@@IAE_NKPAXG@Z 00405150 f   AttemperEngineSink.obj
 0001:00004240       ?OnDBPresentList@CAttemperEngineSink@@IAE_NKPAXG@Z 00405240 f   AttemperEngineSink.obj
 0001:000042a0       ?OnDBPresentSuccess@CAttemperEngineSink@@IAE_NKPAXG@Z 004052a0 f   AttemperEngineSink.obj
 0001:000044c0       ?OnDBQueryCreateResult@CAttemperEngineSink@@IAE_NKPAXG@Z 004054c0 f   AttemperEngineSink.obj
 0001:000045a0       ?OnDBQueryManagerRight@CAttemperEngineSink@@IAE_NKPAXG@Z 004055a0 f   AttemperEngineSink.obj
 0001:00004660       ?OnDBQueryScore@CAttemperEngineSink@@IAE_NKPAXG@Z 00405660 f   AttemperEngineSink.obj
 0001:000046c0       ?OnDBRevenueList@CAttemperEngineSink@@IAE_NKPAXG@Z 004056c0 f   AttemperEngineSink.obj
 0001:00004720       ?OnDBRollMsg@CAttemperEngineSink@@IAE_NKPAXG@Z 00405720 f   AttemperEngineSink.obj
 0001:000048e0       ?OnDBRoomDetailInfo@CAttemperEngineSink@@IAE_NKPAXG@Z 004058e0 f   AttemperEngineSink.obj
 0001:00004950       ?OnDBSetFlag@CAttemperEngineSink@@IAE_NKPAXG@Z 00405950 f   AttemperEngineSink.obj
 0001:00004a40       ?OnDBSetManagerRight@CAttemperEngineSink@@IAE_NKPAXG@Z 00405a40 f   AttemperEngineSink.obj
 0001:00004b40       ?OnDBTeamDayRecord@CAttemperEngineSink@@IAE_NKPAXG@Z 00405b40 f   AttemperEngineSink.obj
 0001:00004ba0       ?OnDBTeamerDayRecord@CAttemperEngineSink@@IAE_NKPAXG@Z 00405ba0 f   AttemperEngineSink.obj
 0001:00004c00       ?OnDBUpdateGroup@CAttemperEngineSink@@IAE_NKPAXG@Z 00405c00 f   AttemperEngineSink.obj
 0001:00004db0       ?OnDBUpdateMember@CAttemperEngineSink@@IAE_NKPAXG@Z 00405db0 f   AttemperEngineSink.obj
 0001:00004e10       ?OnDBUserDayDetailList@CAttemperEngineSink@@IAE_NKPAXG@Z 00405e10 f   AttemperEngineSink.obj
 0001:00004e70       ?OnDBWealthUpdate@CAttemperEngineSink@@IAE_NKPAXG@Z 00405e70 f   AttemperEngineSink.obj
 0001:00004f40       ?OnEventControl@CAttemperEngineSink@@UAE_NGPAXG@Z 00405f40 f   AttemperEngineSink.obj
 0001:00005190       ?OnEventDataBase@CAttemperEngineSink@@UAE_NGKPAXG@Z 00406190 f   AttemperEngineSink.obj
 0001:00005d60       ?OnEventTCPNetworkBind@CAttemperEngineSink@@UAE_NKK@Z 00406d60 f   AttemperEngineSink.obj
 0001:00005e40       ?OnEventTCPNetworkRead@CAttemperEngineSink@@UAE_NUTCP_Command@@PAXGK@Z 00406e40 f   AttemperEngineSink.obj
 0001:00005fb0       ?OnEventTCPNetworkShut@CAttemperEngineSink@@UAE_NKKK@Z 00406fb0 f   AttemperEngineSink.obj
 0001:000061d0       ?OnEventTCPSocketLink@CAttemperEngineSink@@UAE_NGH@Z 004071d0 f   AttemperEngineSink.obj
 0001:00006540       ?OnEventTCPSocketRead@CAttemperEngineSink@@UAE_NGUTCP_Command@@PAXG@Z 00407540 f   AttemperEngineSink.obj
 0001:000068a0       ?OnEventTCPSocketShut@CAttemperEngineSink@@UAE_NGE@Z 004078a0 f   AttemperEngineSink.obj
 0001:00006ac0       ?OnEventTimer@CAttemperEngineSink@@UAE_NKI@Z 00407ac0 f   AttemperEngineSink.obj
 0001:00006ef0       ?OnEventUserLogon@CAttemperEngineSink@@IAE_NPAVCLocalUserItem@@@Z 00407ef0 f   AttemperEngineSink.obj
 0001:000073e0       ?OnTCPNetworkMainBattleService@CAttemperEngineSink@@IAE_NGPAXGK@Z 004083e0 f   AttemperEngineSink.obj
 0001:00007840       ?OnTCPNetworkMainGroupService@CAttemperEngineSink@@IAE_NGPAXGK@Z 00408840 f   AttemperEngineSink.obj
 0001:00007dc0       ?OnTCPNetworkMainLogicService@CAttemperEngineSink@@IAE_NGPAXGK@Z 00408dc0 f   AttemperEngineSink.obj
 0001:0000a130       ?OnTCPSocketAIMainRegister@CAttemperEngineSink@@IAE_NGPAXG@Z 0040b130 f   AttemperEngineSink.obj
 0001:0000a390       ?OnTCPSocketBattleMainBattleService@CAttemperEngineSink@@IAE_NGPAXG@Z 0040b390 f   AttemperEngineSink.obj
 0001:0000b0a0       ?OnTCPSocketBattleMainRegister@CAttemperEngineSink@@IAE_NGPAXG@Z 0040c0a0 f   AttemperEngineSink.obj
 0001:0000b130       ?OnTCPSocketClubInfo@CAttemperEngineSink@@IAE_NGPAXG@Z 0040c130 f   AttemperEngineSink.obj
 0001:0000b1a0       ?OnTCPSocketMainRegister@CAttemperEngineSink@@IAE_NGPAXG@Z 0040c1a0 f   AttemperEngineSink.obj
 0001:0000b230       ?OnTCPSocketMainServiceInfo@CAttemperEngineSink@@IAE_NGPAXG@Z 0040c230 f   AttemperEngineSink.obj
 0001:0000b3b0       ?OnTCPSocketWebInfo@CAttemperEngineSink@@IAE_NGPAXG@Z 0040c3b0 f   AttemperEngineSink.obj
 0001:0000b430       ?QueryInterface@CAttemperEngineSink@@UAEPAXABU_GUID@@K@Z 0040c430 f   AttemperEngineSink.obj
 0001:0000b4e0       ?SendDataToGroupManager@CAttemperEngineSink@@IAE_NKGGPAXG@Z 0040c4e0 f   AttemperEngineSink.obj
 0001:0000b5b0       ?SendDataToGroupMember@CAttemperEngineSink@@IAE_NKGGPAXG_N@Z 0040c5b0 f   AttemperEngineSink.obj
 0001:0000b760       ?SendDataToGroupTeamer@CAttemperEngineSink@@IAE_NKKGGPAXG@Z 0040c760 f   AttemperEngineSink.obj
 0001:0000b830       ?SendGroupConfigToUser@CAttemperEngineSink@@IAE_NKK@Z 0040c830 f   AttemperEngineSink.obj
 0001:0000b980       ?SendGroupMemberToUser@CAttemperEngineSink@@IAE_NKK@Z 0040c980 f   AttemperEngineSink.obj
 0001:0000bb00       ?SendLogData@CAttemperEngineSink@@IAAXPB_WZZ 0040cb00 f   AttemperEngineSink.obj
 0001:0000c030       ?UpdateGroupExtraInfo@CAttemperEngineSink@@IAE_NKK@Z 0040d030 f   AttemperEngineSink.obj
 0001:0000c200       ?WHCrashHandler@@YAJPAU_EXCEPTION_POINTERS@@@Z 0040d200 f   AttemperEngineSink.obj
 0001:0000c2e0       ??$_snprintf_s@$0CAA@@@YAHAAY0CAA@DIPBDZZ 0040d2e0 f i DataBaseEngineSink.obj
 0001:0000c300       ??0CDataBaseEngineSink@@QAE@XZ 0040d300 f   DataBaseEngineSink.obj
 0001:0000c340       ??0CDataBaseHelper@@QAE@XZ 0040d340 f i DataBaseEngineSink.obj
 0001:0000c3a0       ??1CDataBaseEngineSink@@UAE@XZ 0040d3a0 f   DataBaseEngineSink.obj
 0001:0000c440       ??1_variant_t@@QAE@XZ      0040d440 f i DataBaseEngineSink.obj
 0001:0000c450       ??_E?$CTempldateHelper@UIDataBase@@@@UAEPAXI@Z 0040d450 f i DataBaseEngineSink.obj
 0001:0000c450       ??_GCDataBaseHelper@@UAEPAXI@Z 0040d450 f i DataBaseEngineSink.obj
 0001:0000c450       ??_G?$CTempldateHelper@UIDataBase@@@@UAEPAXI@Z 0040d450 f i DataBaseEngineSink.obj
 0001:0000c450       ??_ECDataBaseHelper@@UAEPAXI@Z 0040d450 f i DataBaseEngineSink.obj
 0001:0000c4b0       ??_GCDataBaseEngineSink@@UAEPAXI@Z 0040d4b0 f i DataBaseEngineSink.obj
 0001:0000c4b0       ??_ECDataBaseEngineSink@@UAEPAXI@Z 0040d4b0 f i DataBaseEngineSink.obj
 0001:0000c4e0       ?CreateInstance@?$CTempldateHelper@UIDataBaseEngine@@@@QAE_NXZ 0040d4e0 f i ServiceUnits.obj
 0001:0000c4e0       ?CreateInstance@?$CTempldateHelper@UIDataBase@@@@QAE_NXZ 0040d4e0 f i DataBaseEngineSink.obj
 0001:0000c4e0       ?CreateInstance@?$CTempldateHelper@UITCPSocketService@@@@QAE_NXZ 0040d4e0 f i ServiceUnits.obj
 0001:0000c4e0       ?CreateInstance@?$CTempldateHelper@UITimerEngine@@@@QAE_NXZ 0040d4e0 f i ServiceUnits.obj
 0001:0000c4e0       ?CreateInstance@?$CTempldateHelper@UIAttemperEngine@@@@QAE_NXZ 0040d4e0 f i ServiceUnits.obj
 0001:0000c4e0       ?CreateInstance@?$CTempldateHelper@UITCPNetworkEngine@@@@QAE_NXZ 0040d4e0 f i ServiceUnits.obj
 0001:0000c660       ?ExtractGroupID@CDataBaseEngineSink@@IAEGPB_WAAVCDWordArray@@@Z 0040d660 f   DataBaseEngineSink.obj
 0001:0000c780       ?OnDataBaseEngineConclude@CDataBaseEngineSink@@UAE_NPAUIUnknownEx@@@Z 0040d780 f   DataBaseEngineSink.obj
 0001:0000c800       ?OnEventAttemperData@CAttemperEngineSink@@UAE_NGPAXG@Z 0040d800 f   AttemperEngineSink.obj
 0001:0000c800       ?OnDataBaseEngineControl@CDataBaseEngineSink@@UAE_NGPAXG@Z 0040d800 f   DataBaseEngineSink.obj
 0001:0000c810       ?OnDataBaseEngineRequest@CDataBaseEngineSink@@UAE_NGKPAXG@Z 0040d810 f   DataBaseEngineSink.obj
 0001:0000cd50       ?OnDataBaseEngineStart@CDataBaseEngineSink@@UAE_NPAUIUnknownEx@@@Z 0040dd50 f   DataBaseEngineSink.obj
 0001:0000ce40       ?OnDataBaseEngineTimer@CDataBaseEngineSink@@UAE_NKI@Z 0040de40 f   DataBaseEngineSink.obj
 0001:0000ce50       ?OnRequestAddTeamer@CDataBaseEngineSink@@IAE_NKPAXG@Z 0040de50 f   DataBaseEngineSink.obj
 0001:0000d180       ?OnRequestAppendConfig@CDataBaseEngineSink@@IAE_NKPAXG@Z 0040e180 f   DataBaseEngineSink.obj
 0001:0000d670       ?OnRequestApplyDelete@CDataBaseEngineSink@@IAE_NKPAXG@Z 0040e670 f   DataBaseEngineSink.obj
 0001:0000d930       ?OnRequestApplyRequest@CDataBaseEngineSink@@IAE_NKPAXG@Z 0040e930 f   DataBaseEngineSink.obj
 0001:0000e060       ?OnRequestApplyRespond@CDataBaseEngineSink@@IAE_NKPAXG@Z 0040f060 f   DataBaseEngineSink.obj
 0001:0000e750       ?OnRequestBlindCode@CDataBaseEngineSink@@IAE_NKPAXG@Z 0040f750 f   DataBaseEngineSink.obj
 0001:0000e980       ?OnRequestCaptainList@CDataBaseEngineSink@@IAE_NKPAXG@Z 0040f980 f   DataBaseEngineSink.obj
 0001:0000ed60       ?OnRequestCheckNewUser@CDataBaseEngineSink@@IAE_NKPAXG@Z 0040fd60 f   DataBaseEngineSink.obj
 0001:0000f310       ?OnRequestClearMedal@CDataBaseEngineSink@@IAE_NKPAXG@Z 00410310 f   DataBaseEngineSink.obj
 0001:0000f410       ?OnRequestCreateGroup@CDataBaseEngineSink@@IAE_NKPAXG@Z 00410410 f   DataBaseEngineSink.obj
 0001:0000fb40       ?OnRequestDeleteConfig@CDataBaseEngineSink@@IAE_NKPAXG@Z 00410b40 f   DataBaseEngineSink.obj
 0001:0000fdb0       ?OnRequestDeleteGroup@CDataBaseEngineSink@@IAE_NKPAXG@Z 00410db0 f   DataBaseEngineSink.obj
 0001:00010090       ?OnRequestDeleteMember@CDataBaseEngineSink@@IAE_NKPAXG@Z 00411090 f   DataBaseEngineSink.obj
 0001:00010520       ?OnRequestGetAwardScore@CDataBaseEngineSink@@IAE_NKPAXG@Z 00411520 f   DataBaseEngineSink.obj
 0001:000107a0       ?OnRequestGroupDayDetail@CDataBaseEngineSink@@IAE_NKPAXG@Z 004117a0 f   DataBaseEngineSink.obj
 0001:00010b40       ?OnRequestInvitationCode@CDataBaseEngineSink@@IAE_NKPAXG@Z 00411b40 f   DataBaseEngineSink.obj
 0001:00010d70       ?OnRequestLoadForbidWords@CDataBaseEngineSink@@IAE_NKPAXG@Z 00411d70 f   DataBaseEngineSink.obj
 0001:00010f30       ?OnRequestLoadGroupConfig@CDataBaseEngineSink@@IAE_NKPAXG@Z 00411f30 f   DataBaseEngineSink.obj
 0001:00011310       ?OnRequestLoadGroupItem@CDataBaseEngineSink@@IAE_NKPAXG@Z 00412310 f   DataBaseEngineSink.obj
 0001:00011570       ?OnRequestLoadGroupList@CDataBaseEngineSink@@IAE_NKPAXG@Z 00412570 f   DataBaseEngineSink.obj
 0001:00011960       ?OnRequestLoadGroupMember@CDataBaseEngineSink@@IAE_NKPAXG@Z 00412960 f   DataBaseEngineSink.obj
 0001:00011d20       ?OnRequestLoadSingleGroup@CDataBaseEngineSink@@IAE_NKPAXG@Z 00412d20 f   DataBaseEngineSink.obj
 0001:00012140       ?OnRequestLogonServer@CDataBaseEngineSink@@IAE_NKPAXG@Z 00413140 f   DataBaseEngineSink.obj
 0001:00012740       ?OnRequestModifyConfig@CDataBaseEngineSink@@IAE_NKPAXG@Z 00413740 f   DataBaseEngineSink.obj
 0001:00012bc0       ?OnRequestModifyGroupName@CDataBaseEngineSink@@IAE_NKPAXG@Z 00413bc0 f   DataBaseEngineSink.obj
 0001:00012e00       ?OnRequestModifyInfo@CDataBaseEngineSink@@IAE_NKPAXG@Z 00413e00 f   DataBaseEngineSink.obj
 0001:00013130       ?OnRequestModifyRight@CDataBaseEngineSink@@IAE_NKPAXG@Z 00414130 f   DataBaseEngineSink.obj
 0001:00013430       ?OnRequestOpenBox@CDataBaseEngineSink@@IAE_NKPAXG@Z 00414430 f   DataBaseEngineSink.obj
 0001:00013820       ?OnRequestPresentScore@CDataBaseEngineSink@@IAE_NKPAXG@Z 00414820 f   DataBaseEngineSink.obj
 0001:00013c60       ?OnRequestQueryBattle@CDataBaseEngineSink@@IAE_NKPAXG@Z 00414c60 f   DataBaseEngineSink.obj
 0001:00013f90       ?OnRequestQueryCreate@CDataBaseEngineSink@@IAE_NKPAXG@Z 00414f90 f   DataBaseEngineSink.obj
 0001:000141b0       ?OnRequestQueryDayDetail@CDataBaseEngineSink@@IAE_NKPAXG@Z 004151b0 f   DataBaseEngineSink.obj
 0001:00014670       ?OnRequestQueryDayRecord@CDataBaseEngineSink@@IAE_NKPAXG@Z 00415670 f   DataBaseEngineSink.obj
 0001:000149d0       ?OnRequestQueryMedalMode@CDataBaseEngineSink@@IAE_NKPAXG@Z 004159d0 f   DataBaseEngineSink.obj
 0001:00014bd0       ?OnRequestQueryPresent@CDataBaseEngineSink@@IAE_NKPAXG@Z 00415bd0 f   DataBaseEngineSink.obj
 0001:00014fa0       ?OnRequestQueryRevenue@CDataBaseEngineSink@@IAE_NKPAXG@Z 00415fa0 f   DataBaseEngineSink.obj
 0001:000152a0       ?OnRequestQueryScore@CDataBaseEngineSink@@IAE_NKPAXG@Z 004162a0 f   DataBaseEngineSink.obj
 0001:000154d0       ?OnRequestQueryTotalBattle@CDataBaseEngineSink@@IAE_NKPAXG@Z 004164d0 f   DataBaseEngineSink.obj
 0001:00015720       ?OnRequestRightManagement@CDataBaseEngineSink@@IAE_NKPAXG@Z 00416720 f   DataBaseEngineSink.obj
 0001:00015a40       ?OnRequestRoomDetail@CDataBaseEngineSink@@IAE_NKPAXG@Z 00416a40 f   DataBaseEngineSink.obj
 0001:00015f40       ?OnRequestSetBigWinner@CDataBaseEngineSink@@IAE_NKPAXG@Z 00416f40 f   DataBaseEngineSink.obj
 0001:00016210       ?OnRequestSetCaptainPoint@CDataBaseEngineSink@@IAE_NKPAXG@Z 00417210 f   DataBaseEngineSink.obj
 0001:00016430       ?OnRequestSetFavoriteConfig@CDataBaseEngineSink@@IAE_NKPAXG@Z 00417430 f   DataBaseEngineSink.obj
 0001:00016610       ?OnRequestSetFlag@CDataBaseEngineSink@@IAE_NKPAXG@Z 00417610 f   DataBaseEngineSink.obj
 0001:00016890       ?OnRequestSetFreeTableLimit@CDataBaseEngineSink@@IAE_NKPAXG@Z 00417890 f   DataBaseEngineSink.obj
 0001:00016b60       ?OnRequestSetGroupStatus@CDataBaseEngineSink@@IAE_NKPAXG@Z 00417b60 f   DataBaseEngineSink.obj
 0001:00016df0       ?OnRequestSetInOut@CDataBaseEngineSink@@IAE_NKPAXG@Z 00417df0 f   DataBaseEngineSink.obj
 0001:00017110       ?OnRequestSetMedal@CDataBaseEngineSink@@IAE_NKPAXG@Z 00418110 f   DataBaseEngineSink.obj
 0001:00017460       ?OnRequestSetPrivacy@CDataBaseEngineSink@@IAE_NKPAXG@Z 00418460 f   DataBaseEngineSink.obj
 0001:00017660       ?OnRequestSetRollMSg@CDataBaseEngineSink@@IAE_NKPAXG@Z 00418660 f   DataBaseEngineSink.obj
 0001:00017950       ?OnRequestSettleBattle@CDataBaseEngineSink@@IAE_NKPAXG@Z 00418950 f   DataBaseEngineSink.obj
 0001:00017c20       ?OnRequestTeamerDayRecord@CDataBaseEngineSink@@IAE_NKPAXG@Z 00418c20 f   DataBaseEngineSink.obj
 0001:00017fa0       ?OnRequestUpdateGroup@CDataBaseEngineSink@@IAE_NKPAXG@Z 00418fa0 f   DataBaseEngineSink.obj
 0001:00018650       ?OnRequestUpdateMember@CDataBaseEngineSink@@IAE_NKPAXG@Z 00419650 f   DataBaseEngineSink.obj
 0001:000187e0       ?OnRequestUpdateOnlineStatus@CDataBaseEngineSink@@IAE_NKPAXG@Z 004197e0 f   DataBaseEngineSink.obj
 0001:00018950       ?QueryInterface@CDataBaseEngineSink@@UAEPAXABU_GUID@@K@Z 00419950 f   DataBaseEngineSink.obj
 0001:00018a00       ?TraceDatabaseException@CDataBaseEngineSink@@IAEXPAD0HPAUIDataBaseException@@@Z 00419a00 f   DataBaseEngineSink.obj
 0001:00018b60       ??0CGroupInfoManager@@QAE@XZ 00419b60 f   GroupInfoManager.obj
 0001:00018c60       ??0CGroupItem@@IAE@XZ      00419c60 f   GroupInfoManager.obj
 0001:00018da0       ??1?$CMap@KKPAVCGroupItem@@PAV1@@@UAE@XZ 00419da0 f i GroupInfoManager.obj
 0001:00018db0       ??1?$CWHArray@PAVCGroupItem@@ABQAV1@@@UAE@XZ 00419db0 f i GroupInfoManager.obj
 0001:00018de0       ??1?$CWHArray@UtagClubRollMsg@@ABU1@@@UAE@XZ 00419de0 f i GroupInfoManager.obj
 0001:00018e10       ??1?$CWHArray@UtagGroupConfigInfo@@ABU1@@@UAE@XZ 00419e10 f i GroupInfoManager.obj
 0001:00018e40       ??1?$CWHArray@UtagIMGroupMember@@ABU1@@@UAE@XZ 00419e40 f i GroupInfoManager.obj
 0001:00018e70       ??1CGroupInfoManager@@UAE@XZ 00419e70 f   GroupInfoManager.obj
 0001:00019030       ??1CGroupItem@@MAE@XZ      0041a030 f   GroupInfoManager.obj
 0001:00019150       ??A?$CMap@KKUtagClubTableInfo@@AAU1@@@QAEAAUtagClubTableInfo@@K@Z 0041a150 f i GroupInfoManager.obj
 0001:00019200       ??_E?$CMap@KKPAVCGroupItem@@PAV1@@@UAEPAXI@Z 0041a200 f i GroupInfoManager.obj
 0001:00019200       ??_G?$CMap@KKPAVCGroupItem@@PAV1@@@UAEPAXI@Z 0041a200 f i GroupInfoManager.obj
 0001:00019230       ??_G?$CMap@KKUtagClubTableInfo@@AAU1@@@UAEPAXI@Z 0041a230 f i GroupInfoManager.obj
 0001:00019230       ??_E?$CMap@KKUtagClubTableInfo@@AAU1@@@UAEPAXI@Z 0041a230 f i GroupInfoManager.obj
 0001:00019260       ??_E?$CWHArray@PAVCGroupItem@@ABQAV1@@@UAEPAXI@Z 0041a260 f i GroupInfoManager.obj
 0001:00019260       ??_G?$CWHArray@PAVCGroupItem@@ABQAV1@@@UAEPAXI@Z 0041a260 f i GroupInfoManager.obj
 0001:000192a0       ??_G?$CWHArray@UtagClubRollMsg@@ABU1@@@UAEPAXI@Z 0041a2a0 f i GroupInfoManager.obj
 0001:000192a0       ??_E?$CWHArray@UtagClubRollMsg@@ABU1@@@UAEPAXI@Z 0041a2a0 f i GroupInfoManager.obj
 0001:000192e0       ??_E?$CWHArray@UtagGroupConfigInfo@@ABU1@@@UAEPAXI@Z 0041a2e0 f i GroupInfoManager.obj
 0001:000192e0       ??_G?$CWHArray@UtagGroupConfigInfo@@ABU1@@@UAEPAXI@Z 0041a2e0 f i GroupInfoManager.obj
 0001:00019320       ??_G?$CWHArray@UtagIMGroupMember@@ABU1@@@UAEPAXI@Z 0041a320 f i GroupInfoManager.obj
 0001:00019320       ??_E?$CWHArray@UtagIMGroupMember@@ABU1@@@UAEPAXI@Z 0041a320 f i GroupInfoManager.obj
 0001:00019360       ??_ECGroupInfoManager@@UAEPAXI@Z 0041a360 f i GroupInfoManager.obj
 0001:00019360       ??_GCGroupInfoManager@@UAEPAXI@Z 0041a360 f i GroupInfoManager.obj
 0001:00019390       ??_ECGroupItem@@MAEPAXI@Z  0041a390 f i GroupInfoManager.obj
 0001:00019390       ??_GCGroupItem@@MAEPAXI@Z  0041a390 f i GroupInfoManager.obj
 0001:000193c0       ?ActiveGroupItem@CGroupInfoManager@@UAE_NAAUtagIMGroupItem@@@Z 0041a3c0 f   GroupInfoManager.obj
 0001:000194f0       ?AddConfig@CGroupItem@@UAE_NAAUtagGroupConfigInfo@@@Z 0041a4f0 f   GroupInfoManager.obj
 0001:00019560       ?AddMember@CGroupItem@@UAE_NAAUtagIMGroupMember@@@Z 0041a560 f   GroupInfoManager.obj
 0001:000195a0       ?AddPersonalTable@CGroupItem@@UAE_NKUtagClubTableInfo@@@Z 0041a5a0 f   GroupInfoManager.obj
 0001:000195f0       ?AddRollMsg@CGroupItem@@UAEXAAUtagClubRollMsg@@@Z 0041a5f0 f   GroupInfoManager.obj
 0001:00019630       ?AllocMemory@?$CWHArray@UtagClubRollMsg@@ABU1@@@QAEXH@Z 0041a630 f i GroupInfoManager.obj
 0001:000196c0       ?AllocMemory@?$CWHArray@UtagGroupConfigInfo@@ABU1@@@QAEXH@Z 0041a6c0 f i GroupInfoManager.obj
 0001:00019750       ?AllocMemory@?$CWHArray@UtagIMGroupMember@@ABU1@@@QAEXH@Z 0041a750 f i GroupInfoManager.obj
 0001:000197e0       ?CheckValid@CGroupInfoManager@@UAEHXZ 0041a7e0 f   GroupInfoManager.obj
 0001:000197f0       ?EnumConfig@CGroupItem@@UAEPAUtagGroupConfigInfo@@H@Z 0041a7f0 f   GroupInfoManager.obj
 0001:00019830       ?EnumGroupItem@CGroupInfoManager@@UAEPAVCGroupItem@@AAPAU__POSITION@@@Z 0041a830 f   GroupInfoManager.obj
 0001:00019880       ?EnumMember@CGroupItem@@UAEPAUtagIMGroupMember@@H@Z 0041a880 f   GroupInfoManager.obj
 0001:000198c0       ?EnumTable@CGroupItem@@UAE?AUtagClubTableInfo@@AAPAU__POSITION@@@Z 0041a8c0 f   GroupInfoManager.obj
 0001:00019910       ?GetCMapClubTableInfo@CGroupItem@@UAEPAV?$CMap@KKUtagClubTableInfo@@AAU1@@@XZ 0041a910 f i GroupInfoManager.obj
 0001:00019920       ?GetConfigCount@CGroupItem@@UAEKXZ 0041a920 f i GroupInfoManager.obj
 0001:00019930       ?GetConfigID@CGroupItem@@UAEKK@Z 0041a930 f   GroupInfoManager.obj
 0001:00019980       ?GetGroupBattleRule@CGroupItem@@UAEPAUtagIMGroupBattleRule@@XZ 0041a980 f i GroupInfoManager.obj
 0001:00019990       ?GetGroupCreaterID@CGroupItem@@UAEKXZ 0041a990 f i GroupInfoManager.obj
 0001:000199a0       ?GetGroupID@CGroupItem@@UAEKXZ 0041a9a0 f i GroupInfoManager.obj
 0001:000199b0       ?GetGroupProperty@CGroupItem@@UAEPAUtagIMGroupProperty@@XZ 0041a9b0 f i GroupInfoManager.obj
 0001:000199c0       ?GetGroupWealth@CGroupItem@@UAEPAUtagIMGroupWealth@@XZ 0041a9c0 f i GroupInfoManager.obj
 0001:000199c0       ?GetGroupItem@CGroupItem@@UAEPAUtagIMGroupItem@@XZ 0041a9c0 f i GroupInfoManager.obj
 0001:000199d0       ?GetNextAssoc@?$CMap@KKPAVCGroupItem@@PAV1@@@QBEXAAPAU__POSITION@@AAKAAPAVCGroupItem@@@Z 0041a9d0 f i GroupInfoManager.obj
 0001:00019a60       ?GetNotice@CGroupItem@@UAEPA_WXZ 0041aa60 f i GroupInfoManager.obj
 0001:00019a70       ?GetNullTableCount@CGroupItem@@UAEHK@Z 0041aa70 f   GroupInfoManager.obj
 0001:00019b20       ?GetRecommendGroup@CGroupInfoManager@@UAEGKGPAUtagIMGroupProperty@@@Z 0041ab20 f   GroupInfoManager.obj
 0001:00019c70       ?GetTableInfo@CGroupItem@@UAE_NKAAUtagClubTableInfo@@@Z 0041ac70 f   GroupInfoManager.obj
 0001:00019cc0       ?IsUserInGame@CGroupItem@@UAE_NKAAUtagClubTableInfo@@_N@Z 0041acc0 f   GroupInfoManager.obj
 0001:00019d00       ?ModifyConfig@CGroupItem@@UAE_NAAUtagGroupConfigInfo@@@Z 0041ad00 f   GroupInfoManager.obj
 0001:00019d10       ?NewAssoc@?$CMap@KKUtagClubTableInfo@@AAU1@@@IAEPAVCAssoc@1@K@Z 0041ad10 f i GroupInfoManager.obj
 0001:00019dc0       ?RemoveConfig@CGroupItem@@UAE_NH@Z 0041adc0 f   GroupInfoManager.obj
 0001:00019e30       ?RemoveConfig@CGroupItem@@UAE_NK@Z 0041ae30 f   GroupInfoManager.obj
 0001:00019ed0       ?RemoveGroupItem@CGroupInfoManager@@UAE_NK@Z 0041aed0 f   GroupInfoManager.obj
 0001:00019f30       ?RemoveGroupItem@CGroupInfoManager@@UAE_NXZ 0041af30 f   GroupInfoManager.obj
 0001:00019fd0       ?RemoveKey@?$CMap@KKPAVCGroupItem@@PAV1@@@QAEHK@Z 0041afd0 f i GroupInfoManager.obj
 0001:00019fd0       ?RemoveKey@?$CMap@KKPAVCServerUserItem@@PAV1@@@QAEHK@Z 0041afd0 f i ServerUserManager.obj
 0001:0001a060       ?RemoveKey@?$CMap@KKUtagClubTableInfo@@AAU1@@@QAEHK@Z 0041b060 f i GroupInfoManager.obj
 0001:0001a100       ?RemoveMember@CGroupItem@@UAE_NK@Z 0041b100 f   GroupInfoManager.obj
 0001:0001a1a0       ?RemovePersonalTable@CGroupItem@@UAE_NG@Z 0041b1a0 f   GroupInfoManager.obj
 0001:0001a280       ?RemovePersonalTable@CGroupItem@@UAE_NK@Z 0041b280 f   GroupInfoManager.obj
 0001:0001a2a0       ?ResetGroupItem@CGroupItem@@MAEXXZ 0041b2a0 f   GroupInfoManager.obj
 0001:0001a2f0       ?SearchConfig@CGroupItem@@UAEPAUtagGroupConfigInfo@@K@Z 0041b2f0 f   GroupInfoManager.obj
 0001:0001a350       ?SearchMember@CGroupItem@@UAEPAUtagIMGroupMember@@K@Z 0041b350 f   GroupInfoManager.obj
 0001:0001a3b0       ?SearchRollMsg@CGroupItem@@UAEPAUtagClubRollMsg@@K@Z 0041b3b0 f   GroupInfoManager.obj
 0001:0001a410       ?Serialize@?$CMap@KKUtagClubTableInfo@@AAU1@@@UAEXAAVCArchive@@@Z 0041b410 f i GroupInfoManager.obj
 0001:0001a820       ?SetAtGrow@?$CWHArray@UtagClubRollMsg@@ABU1@@@QAEXHABUtagClubRollMsg@@@Z 0041b820 f i GroupInfoManager.obj
 0001:0001a890       ?SetAtGrow@?$CWHArray@UtagIMGroupMember@@ABU1@@@QAEXHABUtagIMGroupMember@@@Z 0041b890 f i GroupInfoManager.obj
 0001:0001a900       ?SetNotice@CGroupItem@@UAEXPA_W@Z 0041b900 f i GroupInfoManager.obj
 0001:0001a910       ?SetSize@?$CWHArray@UtagGroupConfigInfo@@ABU1@@@QAEXH@Z 0041b910 f i GroupInfoManager.obj
 0001:0001a9b0       ?UpdateTableUserInfo@CGroupItem@@UAE_NPAUCMD_CS_S_UpdateTable@@@Z 0041b9b0 f   GroupInfoManager.obj
 0001:0001aa20       ??0CInitParameter@@QAE@XZ  0041ba20 f   InitParameter.obj
 0001:0001aa40       ??1CInitParameter@@UAE@XZ  0041ba40 f   InitParameter.obj
 0001:0001aa50       ??_ECInitParameter@@UAEPAXI@Z 0041ba50 f i InitParameter.obj
 0001:0001aa50       ??_GCInitParameter@@UAEPAXI@Z 0041ba50 f i InitParameter.obj
 0001:0001aa80       ?InitParameter@CInitParameter@@QAEXXZ 0041ba80 f   InitParameter.obj
 0001:0001ab40       ?LoadInitParameter@CInitParameter@@QAEXXZ 0041bb40 f   InitParameter.obj
 0001:0001aec0       ??0CServerListManager@NServerListManager@@QAE@XZ 0041bec0 f   ServerListManager.obj
 0001:0001afc0       ??1?$CMap@GGPAVCGameServerItem@NServerListManager@@AAPAV12@@@UAE@XZ 0041bfc0 f i ServerListManager.obj
 0001:0001afd0       ??1?$CWHArray@PAVCGameServerItem@NServerListManager@@ABQAV12@@@UAE@XZ 0041bfd0 f i ServerListManager.obj
 0001:0001b000       ??1CServerListManager@NServerListManager@@UAE@XZ 0041c000 f   ServerListManager.obj
 0001:0001b1b0       ??A?$CMap@GGPAVCGameServerItem@NServerListManager@@AAPAV12@@@QAEAAPAVCGameServerItem@NServerListManager@@G@Z 0041c1b0 f i ServerListManager.obj
 0001:0001b260       ??_E?$CMap@GGPAVCGameServerItem@NServerListManager@@AAPAV12@@@UAEPAXI@Z 0041c260 f i ServerListManager.obj
 0001:0001b260       ??_G?$CMap@GGPAVCGameServerItem@NServerListManager@@AAPAV12@@@UAEPAXI@Z 0041c260 f i ServerListManager.obj
 0001:0001b290       ??_G?$CWHArray@PAVCGameServerItem@NServerListManager@@ABQAV12@@@UAEPAXI@Z 0041c290 f i ServerListManager.obj
 0001:0001b290       ??_E?$CWHArray@PAVCGameServerItem@NServerListManager@@ABQAV12@@@UAEPAXI@Z 0041c290 f i ServerListManager.obj
 0001:0001b2d0       ??_GCServerListManager@NServerListManager@@UAEPAXI@Z 0041c2d0 f i ServerListManager.obj
 0001:0001b2d0       ??_ECServerListManager@NServerListManager@@UAEPAXI@Z 0041c2d0 f i ServerListManager.obj
 0001:0001b300       ?Add@?$CWHArray@PAVCGameServerItem@NServerListManager@@ABQAV12@@@QAEHABQAVCGameServerItem@NServerListManager@@@Z 0041c300 f i ServerListManager.obj
 0001:0001b300       ?Add@?$CWHArray@PAVCGroupItem@@ABQAV1@@@QAEHABQAVCGroupItem@@@Z 0041c300 f i GroupInfoManager.obj
 0001:0001b360       ?AllocMemory@?$CWHArray@PAVCGameServerItem@NServerListManager@@ABQAV12@@@QAEXH@Z 0041c360 f i ServerListManager.obj
 0001:0001b360       ?AllocMemory@?$CWHArray@PAVCGroupItem@@ABQAV1@@@QAEXH@Z 0041c360 f i GroupInfoManager.obj
 0001:0001b360       ?AllocMemory@?$CWHArray@PAVCServerUserItem@@ABQAV1@@@QAEXH@Z 0041c360 f i ServerUserManager.obj
 0001:0001b3f0       ?CleanServerItem@CServerListManager@NServerListManager@@QAEXXZ 0041c3f0 f   ServerListManager.obj
 0001:0001b4b0       ?DeleteGameServer@CServerListManager@NServerListManager@@QAE_NG@Z 0041c4b0 f   ServerListManager.obj
 0001:0001b500       ?DisuseServerItem@CServerListManager@NServerListManager@@QAEXXZ 0041c500 f   ServerListManager.obj
 0001:0001b590       ?GetAssocAt@?$CMap@GGPAVCGameServerItem@NServerListManager@@AAPAV12@@@IBEPAVCAssoc@1@GAAI0@Z 0041c590 f i ServerListManager.obj
 0001:0001b600       ?GetNextAssoc@?$CMap@GGPAVCGameServerItem@NServerListManager@@AAPAV12@@@QBEXAAPAU__POSITION@@AAGAAPAVCGameServerItem@NServerListManager@@@Z 0041c600 f i ServerListManager.obj
 0001:0001b690       ?InsertGameServer@CServerListManager@NServerListManager@@QAE_NPAUtagGameServer@@@Z 0041c690 f   ServerListManager.obj
 0001:0001b7f0       ?IsGroupPersonalMaxChairGame@CServerListManager@NServerListManager@@QAE_NG@Z 0041c7f0 f   ServerListManager.obj
 0001:0001b870       ?NewAssoc@?$CMap@GGPAVCGameServerItem@NServerListManager@@AAPAV12@@@IAEPAVCAssoc@1@G@Z 0041c870 f i ServerListManager.obj
 0001:0001b8f0       ?RemoveKey@?$CMap@GGPAVCGameServerItem@NServerListManager@@AAPAV12@@@QAEHG@Z 0041c8f0 f i ServerListManager.obj
 0001:0001b990       ?ResetServerList@CServerListManager@NServerListManager@@QAEXXZ 0041c990 f   ServerListManager.obj
 0001:0001b9a0       ?SearchGameServer@CServerListManager@NServerListManager@@QAEPAVCGameServerItem@2@G@Z 0041c9a0 f   ServerListManager.obj
 0001:0001b9d0       ?Serialize@?$CMap@GGPAVCGameServerItem@NServerListManager@@AAPAV12@@@UAEXAAVCArchive@@@Z 0041c9d0 f i ServerListManager.obj
 0001:0001bcc0       ??0CLocalUserItem@@IAE@XZ  0041ccc0 f   ServerUserManager.obj
 0001:0001bd60       ??0CServerUserManager@@QAE@XZ 0041cd60 f   ServerUserManager.obj
 0001:0001be80       ??1?$CMap@KKPAVCServerUserItem@@PAV1@@@UAE@XZ 0041ce80 f i ServerUserManager.obj
 0001:0001be90       ??1?$CWHArray@PAVCServerUserItem@@ABQAV1@@@UAE@XZ 0041ce90 f i ServerUserManager.obj
 0001:0001bec0       ??1CServerUserItem@@MAE@XZ 0041cec0 f   ServerUserManager.obj
 0001:0001bed0       ??1CServerUserManager@@UAE@XZ 0041ced0 f   ServerUserManager.obj
 0001:0001c0d0       ??A?$CMap@KKPAVCGroupItem@@PAV1@@@QAEAAPAVCGroupItem@@K@Z 0041d0d0 f i GroupInfoManager.obj
 0001:0001c0d0       ??A?$CMap@KKPAVCServerUserItem@@PAV1@@@QAEAAPAVCServerUserItem@@K@Z 0041d0d0 f i ServerUserManager.obj
 0001:0001c0d0       ??A?$CMap@KKPAV?$CWHArray@KABK@@PAV1@@@QAEAAPAV?$CWHArray@KABK@@K@Z 0041d0d0 f i ServiceUnits.obj
 0001:0001c180       ??_E?$CMap@KKPAVCServerUserItem@@PAV1@@@UAEPAXI@Z 0041d180 f i ServerUserManager.obj
 0001:0001c180       ??_G?$CMap@KKPAVCServerUserItem@@PAV1@@@UAEPAXI@Z 0041d180 f i ServerUserManager.obj
 0001:0001c1b0       ??_E?$CWHArray@PAVCServerUserItem@@ABQAV1@@@UAEPAXI@Z 0041d1b0 f i ServerUserManager.obj
 0001:0001c1b0       ??_G?$CWHArray@PAVCServerUserItem@@ABQAV1@@@UAEPAXI@Z 0041d1b0 f i ServerUserManager.obj
 0001:0001c1f0       ??_ECLocalUserItem@@MAEPAXI@Z 0041d1f0 f i ServerUserManager.obj
 0001:0001c1f0       ??_GCLocalUserItem@@MAEPAXI@Z 0041d1f0 f i ServerUserManager.obj
 0001:0001c260       ??_GCServerUserItem@@MAEPAXI@Z 0041d260 f i ServerUserManager.obj
 0001:0001c260       ??_GCRemoteUserItem@@MAEPAXI@Z 0041d260 f i ServerUserManager.obj
 0001:0001c260       ??_ECServerUserItem@@MAEPAXI@Z 0041d260 f i ServerUserManager.obj
 0001:0001c260       ??_ECRemoteUserItem@@MAEPAXI@Z 0041d260 f i ServerUserManager.obj
 0001:0001c290       ??_ECServerUserManager@@UAEPAXI@Z 0041d290 f i ServerUserManager.obj
 0001:0001c290       ??_GCServerUserManager@@UAEPAXI@Z 0041d290 f i ServerUserManager.obj
 0001:0001c2c0       ?Append@?$CWHArray@PAVCServerUserItem@@ABQAV1@@@QAEHABV1@@Z 0041d2c0 f i ServerUserManager.obj
 0001:0001c320       ?ContrastLogonPass@CLocalUserItem@@UAE_NPB_W@Z 0041d320 f   ServerUserManager.obj
 0001:0001c370       ?ContrastNickName@CLocalUserItem@@UAE_NPB_W@Z 0041d370 f   ServerUserManager.obj
 0001:0001c3c0       ?DeleteUserItem@CServerUserManager@@UAE_NK@Z 0041d3c0 f   ServerUserManager.obj
 0001:0001c4a0       ?DeleteUserItem@CServerUserManager@@UAE_NXZ 0041d4a0 f   ServerUserManager.obj
 0001:0001c4e0       ?EnumUserItem@CServerUserManager@@UAEPAVCServerUserItem@@G@Z 0041d4e0 f   ServerUserManager.obj
 0001:0001c510       ?GetActiveGroupID@CServerUserItem@@UAEKXZ 0041d510 f i ServerUserManager.obj
 0001:0001c520       ?GetAssocAt@?$CMap@KKPAV?$CWHArray@KABK@@PAV1@@@IBEPAVCAssoc@1@KAAI0@Z 0041d520 f i ServiceUnits.obj
 0001:0001c520       ?GetAssocAt@?$CMap@KKPAVCGroupItem@@PAV1@@@IBEPAVCAssoc@1@KAAI0@Z 0041d520 f i GroupInfoManager.obj
 0001:0001c520       ?GetAssocAt@?$CMap@KKPAVCServerUserItem@@PAV1@@@IBEPAVCAssoc@1@KAAI0@Z 0041d520 f i ServerUserManager.obj
 0001:0001c590       ?GetGroupItemCount@CGroupInfoManager@@UAEKXZ 0041d590 f i GroupInfoManager.obj
 0001:0001c590       ?GetGameID@CServerUserItem@@UAEKXZ 0041d590 f i ServerUserManager.obj
 0001:0001c5a0       ?GetGender@CServerUserItem@@UAEEXZ 0041d5a0 f i ServerUserManager.obj
 0001:0001c5b0       ?GetGroupCount@CLocalUserItem@@UAEGXZ 0041d5b0 f i ServerUserManager.obj
 0001:0001c5c0       ?GetGroupData@CLocalUserItem@@UAEPAKXZ 0041d5c0 f i ServerUserManager.obj
 0001:0001c5d0       ?GetLogonTime@CLocalUserItem@@UAEKXZ 0041d5d0 f i ServerUserManager.obj
 0001:0001c5e0       ?GetNickName@CServerUserItem@@UAEPB_WXZ 0041d5e0 f i ServerUserManager.obj
 0001:0001c5f0       ?GetSocketID@CServerUserItem@@UAEKXZ 0041d5f0 f i ServerUserManager.obj
 0001:0001c600       ?GetUserID@CServerUserItem@@UAEKXZ 0041d600 f i ServerUserManager.obj
 0001:0001c610       ?GetUserInfo@CServerUserItem@@UAEPAUtagIMUserInfo@@XZ 0041d610 f i ServerUserManager.obj
 0001:0001c620       ?GetUserItemCount@CServerUserManager@@UAEKXZ 0041d620 f i ServerUserManager.obj
 0001:0001c630       ?GetUserStatus@CServerUserItem@@UAEEXZ 0041d630 f i ServerUserManager.obj
 0001:0001c640       ?InsertGroupID@CLocalUserItem@@UAE_NK@Z 0041d640 f   ServerUserManager.obj
 0001:0001c690       ?InsertLocalUserItem@CServerUserManager@@UAEPAVCLocalUserItem@@AAUtagIMUserInfo@@PB_W@Z 0041d690 f   ServerUserManager.obj
 0001:0001c830       ?InsertRemoteUserItem@CServerUserManager@@UAEPAVCRemoteUserItem@@AAUtagIMUserInfo@@@Z 0041d830 f   ServerUserManager.obj
 0001:0001c9e0       ?ModifyLogonPassword@CLocalUserItem@@QAEXPB_W@Z 0041d9e0 f   ServerUserManager.obj
 0001:0001ca00       ?NewAssoc@?$CMap@KKPAVCServerUserItem@@PAV1@@@IAEPAVCAssoc@1@K@Z 0041da00 f i ServerUserManager.obj
 0001:0001ca00       ?NewAssoc@?$CMap@KKPAVCGroupItem@@PAV1@@@IAEPAVCAssoc@1@K@Z 0041da00 f i GroupInfoManager.obj
 0001:0001ca00       ?NewAssoc@?$CMap@KKPAV?$CWHArray@KABK@@PAV1@@@IAEPAVCAssoc@1@K@Z 0041da00 f i ServiceUnits.obj
 0001:0001ca70       ?RemoveGroupID@CLocalUserItem@@UAEXXZ 0041da70 f i ServerUserManager.obj
 0001:0001ca80       ?RemoveGroupID@CLocalUserItem@@UAE_NK@Z 0041da80 f   ServerUserManager.obj
 0001:0001cad0       ?ResetUserItem@CLocalUserItem@@MAEXXZ 0041dad0 f   ServerUserManager.obj
 0001:0001cb10       ?ResetUserItem@CRemoteUserItem@@MAEXXZ 0041db10 f   ServerUserManager.obj
 0001:0001cb10       ?ResetUserItem@CServerUserItem@@MAEXXZ 0041db10 f   ServerUserManager.obj
 0001:0001cb30       ?SearchGroupItem@CGroupInfoManager@@UAEPAVCGroupItem@@K@Z 0041db30 f   GroupInfoManager.obj
 0001:0001cb30       ?SearchUserItem@CServerUserManager@@UAEPAVCServerUserItem@@K@Z 0041db30 f   ServerUserManager.obj
 0001:0001cb60       ?SetActiveGroupID@CServerUserItem@@UAEXK@Z 0041db60 f i ServerUserManager.obj
 0001:0001cb70       ?SetLogonTime@CLocalUserItem@@UAEXK@Z 0041db70 f i ServerUserManager.obj
 0001:0001cb80       ?SetSocketID@CServerUserItem@@UAEXK@Z 0041db80 f i ServerUserManager.obj
 0001:0001cb90       ?SetUserStatus@CServerUserItem@@UAEXE@Z 0041db90 f i ServerUserManager.obj
 0001:0001cba0       ??0CAttemperEngineHelper@@QAE@XZ 0041dba0 f i ServiceUnits.obj
 0001:0001cc00       ??0CDataBaseEngineHelper@@QAE@XZ 0041dc00 f i ServiceUnits.obj
 0001:0001cc60       ??0CServiceUnits@@QAE@XZ   0041dc60 f   ServiceUnits.obj
 0001:0001ce10       ??0CTCPNetworkEngineHelper@@QAE@XZ 0041de10 f i ServiceUnits.obj
 0001:0001ce70       ??0CTCPSocketServiceHelper@@QAE@XZ 0041de70 f i ServiceUnits.obj
 0001:0001ced0       ??0CTimerEngineHelper@@QAE@XZ 0041ded0 f i ServiceUnits.obj
 0001:0001cf30       ??1?$CMap@KKPAV?$CWHArray@KABK@@PAV1@@@UAE@XZ 0041df30 f i ServiceUnits.obj
 0001:0001cf40       ??1CAttemperEngineHelper@@UAE@XZ 0041df40 f i ServiceUnits.obj
 0001:0001cf90       ??1CCriticalSection@@UAE@XZ 0041df90 f i ServiceUnits.obj
 0001:0001cfb0       ??1CDataBaseEngineHelper@@UAE@XZ 0041dfb0 f i ServiceUnits.obj
 0001:0001d000       ??1CServiceUnits@@UAE@XZ   0041e000 f   ServiceUnits.obj
 0001:0001d330       ??1CTCPNetworkEngineHelper@@UAE@XZ 0041e330 f i ServiceUnits.obj
 0001:0001d380       ??1CTCPSocketServiceHelper@@UAE@XZ 0041e380 f i ServiceUnits.obj
 0001:0001d3d0       ??1CTimerEngineHelper@@UAE@XZ 0041e3d0 f i ServiceUnits.obj
 0001:0001d420       ??_G?$CMap@KKPAV?$CWHArray@KABK@@PAV1@@@UAEPAXI@Z 0041e420 f i ServiceUnits.obj
 0001:0001d420       ??_E?$CMap@KKPAV?$CWHArray@KABK@@PAV1@@@UAEPAXI@Z 0041e420 f i ServiceUnits.obj
 0001:0001d450       ??_G?$CTempldateHelper@UITCPNetworkEngine@@@@UAEPAXI@Z 0041e450 f i ServiceUnits.obj
 0001:0001d450       ??_ECTCPNetworkEngineHelper@@UAEPAXI@Z 0041e450 f i ServiceUnits.obj
 0001:0001d450       ??_E?$CTempldateHelper@UITCPNetworkEngine@@@@UAEPAXI@Z 0041e450 f i ServiceUnits.obj
 0001:0001d450       ??_GCTCPNetworkEngineHelper@@UAEPAXI@Z 0041e450 f i ServiceUnits.obj
 0001:0001d4b0       ??_G?$CTempldateHelper@UITCPSocketService@@@@UAEPAXI@Z 0041e4b0 f i ServiceUnits.obj
 0001:0001d4b0       ??_ECTCPSocketServiceHelper@@UAEPAXI@Z 0041e4b0 f i ServiceUnits.obj
 0001:0001d4b0       ??_GCTCPSocketServiceHelper@@UAEPAXI@Z 0041e4b0 f i ServiceUnits.obj
 0001:0001d4b0       ??_E?$CTempldateHelper@UITCPSocketService@@@@UAEPAXI@Z 0041e4b0 f i ServiceUnits.obj
 0001:0001d510       ??_GCTimerEngineHelper@@UAEPAXI@Z 0041e510 f i ServiceUnits.obj
 0001:0001d510       ??_E?$CTempldateHelper@UITimerEngine@@@@UAEPAXI@Z 0041e510 f i ServiceUnits.obj
 0001:0001d510       ??_G?$CTempldateHelper@UITimerEngine@@@@UAEPAXI@Z 0041e510 f i ServiceUnits.obj
 0001:0001d510       ??_ECTimerEngineHelper@@UAEPAXI@Z 0041e510 f i ServiceUnits.obj
 0001:0001d570       ??_ECAttemperEngineHelper@@UAEPAXI@Z 0041e570 f i ServiceUnits.obj
 0001:0001d570       ??_G?$CTempldateHelper@UIAttemperEngine@@@@UAEPAXI@Z 0041e570 f i ServiceUnits.obj
 0001:0001d570       ??_E?$CTempldateHelper@UIAttemperEngine@@@@UAEPAXI@Z 0041e570 f i ServiceUnits.obj
 0001:0001d570       ??_GCAttemperEngineHelper@@UAEPAXI@Z 0041e570 f i ServiceUnits.obj
 0001:0001d5d0       ??_ECCriticalSection@@UAEPAXI@Z 0041e5d0 f i ServiceUnits.obj
 0001:0001d5d0       ??_GCCriticalSection@@UAEPAXI@Z 0041e5d0 f i ServiceUnits.obj
 0001:0001d610       ??_GCDataBaseEngineHelper@@UAEPAXI@Z 0041e610 f i ServiceUnits.obj
 0001:0001d610       ??_E?$CTempldateHelper@UIDataBaseEngine@@@@UAEPAXI@Z 0041e610 f i ServiceUnits.obj
 0001:0001d610       ??_G?$CTempldateHelper@UIDataBaseEngine@@@@UAEPAXI@Z 0041e610 f i ServiceUnits.obj
 0001:0001d610       ??_ECDataBaseEngineHelper@@UAEPAXI@Z 0041e610 f i ServiceUnits.obj
 0001:0001d670       ??_ECServiceUnits@@UAEPAXI@Z 0041e670 f i ServiceUnits.obj
 0001:0001d670       ??_GCServiceUnits@@UAEPAXI@Z 0041e670 f i ServiceUnits.obj
 0001:0001d6a0       ?ConcludeService@CServiceUnits@@UAA_NXZ 0041e6a0 f   ServiceUnits.obj
 0001:0001d760       ?GetMessageMap@CServiceUnits@@MBEPBUAFX_MSGMAP@@XZ 0041e760 f   ServiceUnits.obj
 0001:0001d770       ?GetServiceStatus@CServiceUnits@@UAA?AW4enServiceStatus@@XZ 0041e770 f i ServiceUnits.obj
 0001:0001d780       ?InitializeService@CServiceUnits@@IAE_NXZ 0041e780 f   ServiceUnits.obj
 0001:0001dab0       ?Lock@CCriticalSection@@UAEHK@Z 0041eab0 f i ServiceUnits.obj
 0001:0001dad0       ?OnUIControlRequest@CServiceUnits@@IAEJIJ@Z 0041ead0 f   ServiceUnits.obj
 0001:0001dca0       ?PostControlRequest@CServiceUnits@@UAA_NGPAXG@Z 0041eca0 f   ServiceUnits.obj
 0001:0001dd60       ?SendControlPacket@CServiceUnits@@AAE_NGPAXG@Z 0041ed60 f   ServiceUnits.obj
 0001:0001dd90       ?Serialize@?$CMap@KKPAVCGroupItem@@PAV1@@@UAEXAAVCArchive@@@Z 0041ed90 f i GroupInfoManager.obj
 0001:0001dd90       ?Serialize@?$CMap@KKPAV?$CWHArray@KABK@@PAV1@@@UAEXAAVCArchive@@@Z 0041ed90 f i ServiceUnits.obj
 0001:0001dd90       ?Serialize@?$CMap@KKPAVCServerUserItem@@PAV1@@@UAEXAAVCArchive@@@Z 0041ed90 f i ServerUserManager.obj
 0001:0001e090       ?SetServiceUnitsSink@CServiceUnits@@UAA_NPAUIServiceUnitsSink@@@Z 0041f090 f   ServiceUnits.obj
 0001:0001e0b0       ?StartKernelService@CServiceUnits@@IAE_NXZ 0041f0b0 f   ServiceUnits.obj
 0001:0001e120       ?StartNetworkService@CServiceUnits@@IAE_NXZ 0041f120 f   ServiceUnits.obj
 0001:0001e140       ?StartService@CServiceUnits@@UAA_NXZ 0041f140 f   ServiceUnits.obj
 0001:0001e220       ?Unlock@CCriticalSection@@UAEHXZ 0041f220 f i ServiceUnits.obj
 0001:0001e230       ?Unlock@CSyncObject@@UAEHJPAJ@Z 0041f230 f i ServiceUnits.obj
 0001:0001e240       ?Init@CComCriticalSection@ATL@@QAEJXZ 0041f240 f i Stdafx.obj
 0001:0001e270       ??$AtlConvAllocMemory@D@ATL@@YAXPAPADHPADH@Z 0041f270 f i WordFilter.obj
 0001:0001e310       ??$_snprintf_s@$0IB@@@YAHAAY0IB@DIPBDZZ 0041f310 f i WordFilter.obj
 0001:0001e330       ??0CWordFilter@@QAE@XZ     0041f330 f   WordFilter.obj
 0001:0001e3a0       ??0CWordNode@@QAE@D@Z      0041f3a0 f   WordFilter.obj
 0001:0001e400       ??1?$CMap@DDPAVCWordNode@@PAV1@@@UAE@XZ 0041f400 f i WordFilter.obj
 0001:0001e410       ??1?$CW2AEX@$0IA@@ATL@@QAE@XZ 0041f410 f i WordFilter.obj
 0001:0001e430       ??1CWordFilter@@UAE@XZ     0041f430 f   WordFilter.obj
 0001:0001e440       ??1CWordNode@@UAE@XZ       0041f440 f   WordFilter.obj
 0001:0001e580       ??1CWordTree@@UAE@XZ       0041f580 f   WordFilter.obj
 0001:0001e5f0       ??A?$CMap@DDPAVCWordNode@@PAV1@@@QAEAAPAVCWordNode@@D@Z 0041f5f0 f i WordFilter.obj
 0001:0001e6a0       ??_E?$CMap@DDPAVCWordNode@@PAV1@@@UAEPAXI@Z 0041f6a0 f i WordFilter.obj
 0001:0001e6a0       ??_G?$CMap@DDPAVCWordNode@@PAV1@@@UAEPAXI@Z 0041f6a0 f i WordFilter.obj
 0001:0001e6d0       ??_GCWordFilter@@UAEPAXI@Z 0041f6d0 f i WordFilter.obj
 0001:0001e6d0       ??_ECWordFilter@@UAEPAXI@Z 0041f6d0 f i WordFilter.obj
 0001:0001e700       ??_GCWordNode@@UAEPAXI@Z   0041f700 f i WordFilter.obj
 0001:0001e700       ??_ECWordNode@@UAEPAXI@Z   0041f700 f i WordFilter.obj
 0001:0001e730       ??_ECWordTree@@UAEPAXI@Z   0041f730 f i WordFilter.obj
 0001:0001e730       ??_GCWordTree@@UAEPAXI@Z   0041f730 f i WordFilter.obj
 0001:0001e760       ?AtlThrowLastWin32@ATL@@YGXXZ 0041f760 f i WordFilter.obj
 0001:0001e780       ?FilterWords@CWordFilter@@QAE_NPBD@Z 0041f780 f   WordFilter.obj
 0001:0001e7e0       ?FilterWords@CWordFilter@@QAE_NPB_W@Z 0041f7e0 f   WordFilter.obj
 0001:0001e880       ?Find@CWordTree@@AAEPAVCWordNode@@PAV2@PBD1@Z 0041f880 f   WordFilter.obj
 0001:0001e990       ?FindKeyword@CWordNode@@QAE_NPBD@Z 0041f990 f   WordFilter.obj
 0001:0001e9f0       ?GetAssocAt@?$CMap@DDPAVCWordNode@@PAV1@@@IBEPAVCAssoc@1@DAAI0@Z 0041f9f0 f i WordFilter.obj
 0001:0001ea60       ?Init@?$CW2AEX@$0IA@@ATL@@AAEXPB_WI@Z 0041fa60 f i WordFilter.obj
 0001:0001eb40       ?Insert@CWordTree@@AAEPAVCWordNode@@PAV2@PBD1@Z 0041fb40 f   WordFilter.obj
 0001:0001ec40       ?InsertBranch@CWordTree@@AAEPAVCWordNode@@PAV2@PBD1@Z 0041fc40 f   WordFilter.obj
 0001:0001ed00       ?InsertChild@CWordNode@@QAEPAV1@D@Z 0041fd00 f   WordFilter.obj
 0001:0001edc0       ?InsertKeyword@CWordFilter@@QAE_NPB_W@Z 0041fdc0 f   WordFilter.obj
 0001:0001ee80       ?NewAssoc@?$CMap@DDPAVCWordNode@@PAV1@@@IAEPAVCAssoc@1@D@Z 0041fe80 f i WordFilter.obj
 0001:0001eef0       ?RebuildTree@CWordTree@@IAEXXZ 0041fef0 f   WordFilter.obj
 0001:0001efd0       ?RemoveAll@?$CMap@DDPAVCWordNode@@PAV1@@@QAEXXZ 0041ffd0 f i WordFilter.obj
 0001:0001efd0       ?RemoveAll@?$CMap@KKPAVCGroupItem@@PAV1@@@QAEXXZ 0041ffd0 f i GroupInfoManager.obj
 0001:0001efd0       ?RemoveAll@?$CMap@KKUtagClubTableInfo@@AAU1@@@QAEXXZ 0041ffd0 f i GroupInfoManager.obj
 0001:0001efd0       ?RemoveAll@?$CMap@GGPAVCGameServerItem@NServerListManager@@AAPAV12@@@QAEXXZ 0041ffd0 f i ServerListManager.obj
 0001:0001efd0       ?RemoveAll@?$CMap@KKPAVCServerUserItem@@PAV1@@@QAEXXZ 0041ffd0 f i ServerUserManager.obj
 0001:0001efd0       ?RemoveAll@?$CMap@KKPAV?$CWHArray@KABK@@PAV1@@@QAEXXZ 0041ffd0 f i ServiceUnits.obj
 0001:0001f030       ?ResetFilter@CWordFilter@@QAEXXZ 00420030 f   WordFilter.obj
 0001:0001f040       ?Serialize@?$CMap@DDPAVCWordNode@@PAV1@@@UAEXAAVCArchive@@@Z 00420040 f i WordFilter.obj
 0001:0001f2e6       ??3@YAXPAX@Z               004202e6 f   mfc120u:mfc120u.dll
 0001:0001f2ec       ?OnCmdMsg@CCmdTarget@@UAEHIHPAXPAUAFX_CMDHANDLERINFO@@@Z 004202ec f   mfc120u:mfc120u.dll
 0001:0001f2f2       ?OnFinalRelease@CCmdTarget@@UAEXXZ 004202f2 f   mfc120u:mfc120u.dll
 0001:0001f2f8       ?IsInvokeAllowed@CCmdTarget@@UAEHJ@Z 004202f8 f   mfc120u:mfc120u.dll
 0001:0001f2fe       ?GetDispatchIID@CCmdTarget@@UAEHPAU_GUID@@@Z 004202fe f   mfc120u:mfc120u.dll
 0001:0001f304       ?GetTypeInfoCount@CCmdTarget@@UAEIXZ 00420304 f   mfc120u:mfc120u.dll
 0001:0001f30a       ?GetTypeLibCache@CCmdTarget@@UAEPAVCTypeLibCache@@XZ 0042030a f   mfc120u:mfc120u.dll
 0001:0001f310       ?GetTypeLib@CCmdTarget@@UAEJKPAPAUITypeLib@@@Z 00420310 f   mfc120u:mfc120u.dll
 0001:0001f316       ?GetCommandMap@CCmdTarget@@MBEPBUAFX_OLECMDMAP@@XZ 00420316 f   mfc120u:mfc120u.dll
 0001:0001f31c       ?GetDispatchMap@CCmdTarget@@MBEPBUAFX_DISPMAP@@XZ 0042031c f   mfc120u:mfc120u.dll
 0001:0001f322       ?GetConnectionMap@CCmdTarget@@MBEPBUAFX_CONNECTIONMAP@@XZ 00420322 f   mfc120u:mfc120u.dll
 0001:0001f328       ?GetInterfaceMap@CCmdTarget@@MBEPBUAFX_INTERFACEMAP@@XZ 00420328 f   mfc120u:mfc120u.dll
 0001:0001f32e       ?GetEventSinkMap@CCmdTarget@@MBEPBUAFX_EVENTSINKMAP@@XZ 0042032e f   mfc120u:mfc120u.dll
 0001:0001f334       ?OnCreateAggregates@CCmdTarget@@UAEHXZ 00420334 f   mfc120u:mfc120u.dll
 0001:0001f33a       ?GetInterfaceHook@CCmdTarget@@UAEPAUIUnknown@@PBX@Z 0042033a f   mfc120u:mfc120u.dll
 0001:0001f340       ?GetExtraConnectionPoints@CCmdTarget@@MAEHPAVCPtrArray@@@Z 00420340 f   mfc120u:mfc120u.dll
 0001:0001f346       ?GetConnectionHook@CCmdTarget@@MAEPAUIConnectionPoint@@ABU_GUID@@@Z 00420346 f   mfc120u:mfc120u.dll
 0001:0001f34c       ?AfxInitRichEdit2@@YGHXZ   0042034c f   mfc120u:mfc120u.dll
 0001:0001f352       ?DoModal@CDialog@@UAEHXZ   00420352 f   mfc120u:mfc120u.dll
 0001:0001f358       ?PreTranslateMessage@CWinThread@@UAEHPAUtagMSG@@@Z 00420358 f   mfc120u:mfc120u.dll
 0001:0001f35e       ?PumpMessage@CWinThread@@UAEHXZ 0042035e f   mfc120u:mfc120u.dll
 0001:0001f364       ?IsIdleMessage@CWinThread@@UAEHPAUtagMSG@@@Z 00420364 f   mfc120u:mfc120u.dll
 0001:0001f36a       ?ProcessMessageFilter@CWinThread@@UAEHHPAUtagMSG@@@Z 0042036a f   mfc120u:mfc120u.dll
 0001:0001f370       ?GetMainWnd@CWinThread@@UAEPAVCWnd@@XZ 00420370 f   mfc120u:mfc120u.dll
 0001:0001f376       ?Delete@CWinThread@@UAEXXZ 00420376 f   mfc120u:mfc120u.dll
 0001:0001f37c       ?GetRuntimeClass@CWinApp@@UBEPAUCRuntimeClass@@XZ 0042037c f   mfc120u:mfc120u.dll
 0001:0001f382       ??0CWinApp@@QAE@PB_W@Z     00420382 f   mfc120u:mfc120u.dll
 0001:0001f388       ?SetRegistryKey@CWinApp@@IAEXPB_W@Z 00420388 f   mfc120u:mfc120u.dll
 0001:0001f38e       ?GetProfileIntW@CWinApp@@UAEIPB_W0H@Z 0042038e f   mfc120u:mfc120u.dll
 0001:0001f394       ?WriteProfileInt@CWinApp@@UAEHPB_W0H@Z 00420394 f   mfc120u:mfc120u.dll
 0001:0001f39a       ?GetProfileStringW@CWinApp@@UAE?AV?$CStringT@_WV?$StrTraitMFC_DLL@_WV?$ChTraitsCRT@_W@ATL@@@@@ATL@@PB_W00@Z 0042039a f   mfc120u:mfc120u.dll
 0001:0001f3a0       ?WriteProfileStringW@CWinApp@@UAEHPB_W00@Z 004203a0 f   mfc120u:mfc120u.dll
 0001:0001f3a6       ?GetProfileBinary@CWinApp@@UAEHPB_W0PAPAEPAI@Z 004203a6 f   mfc120u:mfc120u.dll
 0001:0001f3ac       ?WriteProfileBinary@CWinApp@@UAEHPB_W0PAEI@Z 004203ac f   mfc120u:mfc120u.dll
 0001:0001f3b2       ?InitLibId@CWinApp@@UAEXXZ 004203b2 f   mfc120u:mfc120u.dll
 0001:0001f3b8       ?Register@CWinApp@@UAEHXZ  004203b8 f   mfc120u:mfc120u.dll
 0001:0001f3be       ?Unregister@CWinApp@@UAEHXZ 004203be f   mfc120u:mfc120u.dll
 0001:0001f3c4       ?OpenDocumentFile@CWinApp@@UAEPAVCDocument@@PB_W@Z 004203c4 f   mfc120u:mfc120u.dll
 0001:0001f3ca       ?OpenDocumentFile@CWinApp@@UAEPAVCDocument@@PB_WH@Z 004203ca f   mfc120u:mfc120u.dll
 0001:0001f3d0       ?AddToRecentFileList@CWinApp@@UAEXPB_W@Z 004203d0 f   mfc120u:mfc120u.dll
 0001:0001f3d6       ?InitApplication@CWinApp@@UAEHXZ 004203d6 f   mfc120u:mfc120u.dll
 0001:0001f3dc       ?SaveAllModified@CWinApp@@UAEHXZ 004203dc f   mfc120u:mfc120u.dll
 0001:0001f3e2       ?DoMessageBox@CWinApp@@UAEHPB_WII@Z 004203e2 f   mfc120u:mfc120u.dll
 0001:0001f3e8       ?DoWaitCursor@CWinApp@@UAEXH@Z 004203e8 f   mfc120u:mfc120u.dll
 0001:0001f3ee       ?OnDDECommand@CWinApp@@UAEHPA_W@Z 004203ee f   mfc120u:mfc120u.dll
 0001:0001f3f4       ?WinHelpW@CWinApp@@UAEXKI@Z 004203f4 f   mfc120u:mfc120u.dll
 0001:0001f3fa       ?HtmlHelpW@CWinApp@@UAEXKI@Z 004203fa f   mfc120u:mfc120u.dll
 0001:0001f400       ?WinHelpInternal@CWinApp@@UAEXKI@Z 00420400 f   mfc120u:mfc120u.dll
 0001:0001f406       ?RegisterWithRestartManager@CWinApp@@UAEJHABV?$CStringT@_WV?$StrTraitMFC_DLL@_WV?$ChTraitsCRT@_W@ATL@@@@@ATL@@@Z 00420406 f   mfc120u:mfc120u.dll
 0001:0001f40c       ?RegisterWithRestartManager@CWinApp@@UAEJPB_WKP6GKPAX@Z1KK@Z 0042040c f   mfc120u:mfc120u.dll
 0001:0001f412       ?ApplicationRecoveryCallback@CWinApp@@UAEKPAX@Z 00420412 f   mfc120u:mfc120u.dll
 0001:0001f418       ?GetDataRecoveryHandler@CWinApp@@UAEPAVCDataRecoveryHandler@@XZ 00420418 f   mfc120u:mfc120u.dll
 0001:0001f41e       ?IsTaskbarInteractionEnabled@CWinApp@@UAEHXZ 0042041e f   mfc120u:mfc120u.dll
 0001:0001f424       ?InitInstance@CWinApp@@UAEHXZ 00420424 f   mfc120u:mfc120u.dll
 0001:0001f42a       ?ExitInstance@CWinApp@@UAEHXZ 0042042a f   mfc120u:mfc120u.dll
 0001:0001f430       ?RestartInstance@CWinApp@@UAEHXZ 00420430 f   mfc120u:mfc120u.dll
 0001:0001f436       ?Run@CWinApp@@UAEHXZ       00420436 f   mfc120u:mfc120u.dll
 0001:0001f43c       ?OnIdle@CWinApp@@UAEHJ@Z   0042043c f   mfc120u:mfc120u.dll
 0001:0001f442       ?ProcessWndProcException@CWinApp@@UAEJPAVCException@@PBUtagMSG@@@Z 00420442 f   mfc120u:mfc120u.dll
 0001:0001f448       ?LoadAppLangResourceDLL@CWinApp@@UAEPAUHINSTANCE__@@XZ 00420448 f   mfc120u:mfc120u.dll
 0001:0001f44e       ??1CWinApp@@UAE@XZ         0042044e f   mfc120u:mfc120u.dll
 0001:0001f454       ?GetThisMessageMap@CWinApp@@KGPBUAFX_MSGMAP@@XZ 00420454 f   mfc120u:mfc120u.dll
 0001:0001f45a       ?LoadSysPolicies@CWinApp@@UAEHXZ 0042045a f   mfc120u:mfc120u.dll
 0001:0001f460       ?AfxEnableControlContainer@@YAXPAVCOccManager@@@Z 00420460 f   mfc120u:mfc120u.dll
 0001:0001f466       ?AfxGetModuleState@@YGPAVAFX_MODULE_STATE@@XZ 00420466 f   mfc120u:mfc120u.dll
 0001:0001f46c       ?DDX_Control@@YGXPAVCDataExchange@@HAAVCWnd@@@Z 0042046c f   mfc120u:mfc120u.dll
 0001:0001f472       ?PreSubclassWindow@CWnd@@UAEXXZ 00420472 f   mfc120u:mfc120u.dll
 0001:0001f478       ?Create@CWnd@@UAEHPB_W0KABUtagRECT@@PAV1@IPAUCCreateContext@@@Z 00420478 f   mfc120u:mfc120u.dll
 0001:0001f47e       ?CreateEx@CWnd@@UAEHKPB_W0KHHHHPAUHWND__@@PAUHMENU__@@PAX@Z 0042047e f   mfc120u:mfc120u.dll
 0001:0001f484       ?CreateEx@CWnd@@UAEHKPB_W0KABUtagRECT@@PAV1@IPAX@Z 00420484 f   mfc120u:mfc120u.dll
 0001:0001f48a       ?DestroyWindow@CWnd@@UAEHXZ 0042048a f   mfc120u:mfc120u.dll
 0001:0001f490       ?PreCreateWindow@CWnd@@UAEHAAUtagCREATESTRUCTW@@@Z 00420490 f   mfc120u:mfc120u.dll
 0001:0001f496       ?CalcWindowRect@CWnd@@UAEXPAUtagRECT@@I@Z 00420496 f   mfc120u:mfc120u.dll
 0001:0001f49c       ?GetDlgItem@CWnd@@QBEPAV1@H@Z 0042049c f   mfc120u:mfc120u.dll
 0001:0001f4a2       ?SetWindowTextW@CWnd@@QAEXPB_W@Z 004204a2 f   mfc120u:mfc120u.dll
 0001:0001f4a8       ?GetMenu@CWnd@@UBEPAVCMenu@@XZ 004204a8 f   mfc120u:mfc120u.dll
 0001:0001f4ae       ?SetMenu@CWnd@@UAEHPAVCMenu@@@Z 004204ae f   mfc120u:mfc120u.dll
 0001:0001f4b4       ?OnToolHitTest@CWnd@@UBEHVCPoint@@PAUtagTOOLINFOW@@@Z 004204b4 f   mfc120u:mfc120u.dll
 0001:0001f4ba       ?EnableWindow@CWnd@@QAEHH@Z 004204ba f   mfc120u:mfc120u.dll
 0001:0001f4c0       ?GetScrollBarCtrl@CWnd@@UBEPAVCScrollBar@@H@Z 004204c0 f   mfc120u:mfc120u.dll
 0001:0001f4c6       ?WinHelpW@CWnd@@UAEXKI@Z   004204c6 f   mfc120u:mfc120u.dll
 0001:0001f4cc       ?HtmlHelpW@CWnd@@UAEXKI@Z  004204cc f   mfc120u:mfc120u.dll
 0001:0001f4d2       ?WinHelpInternal@CWnd@@UAEXKI@Z 004204d2 f   mfc120u:mfc120u.dll
 0001:0001f4d8       ?ContinueModal@CWnd@@UAEHXZ 004204d8 f   mfc120u:mfc120u.dll
 0001:0001f4de       ?EndModalLoop@CWnd@@UAEXH@Z 004204de f   mfc120u:mfc120u.dll
 0001:0001f4e4       ?OnDrawIconicThumbnailOrLivePreview@CWnd@@UAEXAAVCDC@@VCRect@@VCSize@@HAAH@Z 004204e4 f   mfc120u:mfc120u.dll
 0001:0001f4ea       ?GetInterfaceMap@CWnd@@MBEPBUAFX_INTERFACEMAP@@XZ 004204ea f   mfc120u:mfc120u.dll
 0001:0001f4f0       ?EnsureStdObj@CWnd@@UAEJXZ 004204f0 f   mfc120u:mfc120u.dll
 0001:0001f4f6       ?get_accParent@CWnd@@UAEJPAPAUIDispatch@@@Z 004204f6 f   mfc120u:mfc120u.dll
 0001:0001f4fc       ?get_accChildCount@CWnd@@UAEJPAJ@Z 004204fc f   mfc120u:mfc120u.dll
 0001:0001f502       ?get_accChild@CWnd@@UAEJUtagVARIANT@@PAPAUIDispatch@@@Z 00420502 f   mfc120u:mfc120u.dll
 0001:0001f508       ?get_accName@CWnd@@UAEJUtagVARIANT@@PAPA_W@Z 00420508 f   mfc120u:mfc120u.dll
 0001:0001f50e       ?get_accValue@CWnd@@UAEJUtagVARIANT@@PAPA_W@Z 0042050e f   mfc120u:mfc120u.dll
 0001:0001f514       ?get_accDescription@CWnd@@UAEJUtagVARIANT@@PAPA_W@Z 00420514 f   mfc120u:mfc120u.dll
 0001:0001f51a       ?get_accRole@CWnd@@UAEJUtagVARIANT@@PAU2@@Z 0042051a f   mfc120u:mfc120u.dll
 0001:0001f520       ?get_accState@CWnd@@UAEJUtagVARIANT@@PAU2@@Z 00420520 f   mfc120u:mfc120u.dll
 0001:0001f526       ?get_accHelp@CWnd@@UAEJUtagVARIANT@@PAPA_W@Z 00420526 f   mfc120u:mfc120u.dll
 0001:0001f52c       ?get_accHelpTopic@CWnd@@UAEJPAPA_WUtagVARIANT@@PAJ@Z 0042052c f   mfc120u:mfc120u.dll
 0001:0001f532       ?get_accKeyboardShortcut@CWnd@@UAEJUtagVARIANT@@PAPA_W@Z 00420532 f   mfc120u:mfc120u.dll
 0001:0001f538       ?get_accFocus@CWnd@@UAEJPAUtagVARIANT@@@Z 00420538 f   mfc120u:mfc120u.dll
 0001:0001f53e       ?get_accSelection@CWnd@@UAEJPAUtagVARIANT@@@Z 0042053e f   mfc120u:mfc120u.dll
 0001:0001f544       ?get_accDefaultAction@CWnd@@UAEJUtagVARIANT@@PAPA_W@Z 00420544 f   mfc120u:mfc120u.dll
 0001:0001f54a       ?accSelect@CWnd@@UAEJJUtagVARIANT@@@Z 0042054a f   mfc120u:mfc120u.dll
 0001:0001f550       ?accLocation@CWnd@@UAEJPAJ000UtagVARIANT@@@Z 00420550 f   mfc120u:mfc120u.dll
 0001:0001f556       ?accNavigate@CWnd@@UAEJJUtagVARIANT@@PAU2@@Z 00420556 f   mfc120u:mfc120u.dll
 0001:0001f55c       ?accHitTest@CWnd@@UAEJJJPAUtagVARIANT@@@Z 0042055c f   mfc120u:mfc120u.dll
 0001:0001f562       ?accDoDefaultAction@CWnd@@UAEJUtagVARIANT@@@Z 00420562 f   mfc120u:mfc120u.dll
 0001:0001f568       ?put_accName@CWnd@@UAEJUtagVARIANT@@PA_W@Z 00420568 f   mfc120u:mfc120u.dll
 0001:0001f56e       ?put_accValue@CWnd@@UAEJUtagVARIANT@@PA_W@Z 0042056e f   mfc120u:mfc120u.dll
 0001:0001f574       ?SetProxy@CWnd@@UAEJPAUIAccessibleProxy@@@Z 00420574 f   mfc120u:mfc120u.dll
 0001:0001f57a       ?CreateAccessibleProxy@CWnd@@UAEJIJPAJ@Z 0042057a f   mfc120u:mfc120u.dll
 0001:0001f580       ?OnCommand@CWnd@@MAEHIJ@Z  00420580 f   mfc120u:mfc120u.dll
 0001:0001f586       ?OnNotify@CWnd@@MAEHIJPAJ@Z 00420586 f   mfc120u:mfc120u.dll
 0001:0001f58c       ?GetSuperWndProcAddr@CWnd@@MAEPAP6GJPAUHWND__@@IIJ@ZXZ 0042058c f   mfc120u:mfc120u.dll
 0001:0001f592       ?OnAmbientProperty@CWnd@@UAEHPAVCOleControlSite@@JPAUtagVARIANT@@@Z 00420592 f   mfc120u:mfc120u.dll
 0001:0001f598       ?WindowProc@CWnd@@MAEJIIJ@Z 00420598 f   mfc120u:mfc120u.dll
 0001:0001f59e       ?OnWndMsg@CWnd@@MAEHIIJPAJ@Z 0042059e f   mfc120u:mfc120u.dll
 0001:0001f5a4       ?DefWindowProcW@CWnd@@MAEJIIJ@Z 004205a4 f   mfc120u:mfc120u.dll
 0001:0001f5aa       ?PostNcDestroy@CWnd@@MAEXXZ 004205aa f   mfc120u:mfc120u.dll
 0001:0001f5b0       ?OnChildNotify@CWnd@@MAEHIIJPAJ@Z 004205b0 f   mfc120u:mfc120u.dll
 0001:0001f5b6       ?OnTouchInputs@CWnd@@MAEHIPAUtagTOUCHINPUT@@@Z 004205b6 f   mfc120u:mfc120u.dll
 0001:0001f5bc       ?OnTouchInput@CWnd@@MAEHVCPoint@@HHPAUtagTOUCHINPUT@@@Z 004205bc f   mfc120u:mfc120u.dll
 0001:0001f5c2       ?GetGestureStatus@CWnd@@MAEKVCPoint@@@Z 004205c2 f   mfc120u:mfc120u.dll
 0001:0001f5c8       ?OnGestureZoom@CWnd@@MAEHVCPoint@@J@Z 004205c8 f   mfc120u:mfc120u.dll
 0001:0001f5ce       ?OnGesturePan@CWnd@@MAEHVCPoint@@0@Z 004205ce f   mfc120u:mfc120u.dll
 0001:0001f5d4       ?OnGestureRotate@CWnd@@MAEHVCPoint@@N@Z 004205d4 f   mfc120u:mfc120u.dll
 0001:0001f5da       ?OnGestureTwoFingerTap@CWnd@@MAEHVCPoint@@@Z 004205da f   mfc120u:mfc120u.dll
 0001:0001f5e0       ?OnGesturePressAndTap@CWnd@@MAEHVCPoint@@J@Z 004205e0 f   mfc120u:mfc120u.dll
 0001:0001f5e6       ?IsFrameWnd@CWnd@@UBEHXZ   004205e6 f   mfc120u:mfc120u.dll
 0001:0001f5ec       ?OnFinalRelease@CWnd@@UAEXXZ 004205ec f   mfc120u:mfc120u.dll
 0001:0001f5f2       ?CreateControlContainer@CWnd@@MAEHPAPAVCOleControlContainer@@@Z 004205f2 f   mfc120u:mfc120u.dll
 0001:0001f5f8       ?CreateControlSite@CWnd@@MAEHPAVCOleControlContainer@@PAPAVCOleControlSite@@IABU_GUID@@@Z 004205f8 f   mfc120u:mfc120u.dll
 0001:0001f5fe       ?GetRuntimeClass@CDialog@@UBEPAUCRuntimeClass@@XZ 004205fe f   mfc120u:mfc120u.dll
 0001:0001f604       ?Create@CDialog@@UAEHPB_WPAVCWnd@@@Z 00420604 f   mfc120u:mfc120u.dll
 0001:0001f60a       ?CreateIndirect@CDialog@@UAEHPBUDLGTEMPLATE@@PAVCWnd@@PAX@Z 0042060a f   mfc120u:mfc120u.dll
 0001:0001f610       ?CreateIndirect@CDialog@@UAEHPAXPAVCWnd@@@Z 00420610 f   mfc120u:mfc120u.dll
 0001:0001f616       ??0CDialog@@QAE@IPAVCWnd@@@Z 00420616 f   mfc120u:mfc120u.dll
 0001:0001f61c       ?OnInitDialog@CDialog@@UAEHXZ 0042061c f   mfc120u:mfc120u.dll
 0001:0001f622       ?OnSetFont@CDialog@@UAEXPAVCFont@@@Z 00420622 f   mfc120u:mfc120u.dll
 0001:0001f628       ?OnCancel@CDialog@@MAEXXZ  00420628 f   mfc120u:mfc120u.dll
 0001:0001f62e       ??1CDialog@@UAE@XZ         0042062e f   mfc120u:mfc120u.dll
 0001:0001f634       ?PreTranslateMessage@CDialog@@UAEHPAUtagMSG@@@Z 00420634 f   mfc120u:mfc120u.dll
 0001:0001f63a       ?OnCmdMsg@CDialog@@UAEHIHPAXPAUAFX_CMDHANDLERINFO@@@Z 0042063a f   mfc120u:mfc120u.dll
 0001:0001f640       ?CheckAutoCenter@CDialog@@UAEHXZ 00420640 f   mfc120u:mfc120u.dll
 0001:0001f646       ?SetOccDialogInfo@CDialog@@MAEHPAU_AFX_OCC_DIALOG_INFO@@@Z 00420646 f   mfc120u:mfc120u.dll
 0001:0001f64c       ?GetOccDialogInfo@CDialog@@MAEPAU_AFX_OCC_DIALOG_INFO@@XZ 0042064c f   mfc120u:mfc120u.dll
 0001:0001f652       ?PreInitDialog@CDialog@@MAEXXZ 00420652 f   mfc120u:mfc120u.dll
 0001:0001f658       ?GetThisMessageMap@CDialog@@KGPBUAFX_MSGMAP@@XZ 00420658 f   mfc120u:mfc120u.dll
 0001:0001f65e       ?AfxMessageBox@@YGHPB_WII@Z 0042065e f   mfc120u:mfc120u.dll
 0001:0001f664       ??_U@YAPAXI@Z              00420664 f   mfc120u:mfc120u.dll
 0001:0001f66a       ??_V@YAXPAX@Z              0042066a f   mfc120u:mfc120u.dll
 0001:0001f670       ?AfxThrowMemoryException@@YGXXZ 00420670 f   mfc120u:mfc120u.dll
 0001:0001f676       ?AfxThrowInvalidArgException@@YGXXZ 00420676 f   mfc120u:mfc120u.dll
 0001:0001f67c       ?AfxThrowOleException@@YGXJ@Z 0042067c f   mfc120u:mfc120u.dll
 0001:0001f682       ??0CStdioFile@@QAE@XZ      00420682 f   mfc120u:mfc120u.dll
 0001:0001f688       ?WriteString@CStdioFile@@UAEXPB_W@Z 00420688 f   mfc120u:mfc120u.dll
 0001:0001f68e       ??1CStdioFile@@UAE@XZ      0042068e f   mfc120u:mfc120u.dll
 0001:0001f694       ?GetLength@CStdioFile@@UBE_KXZ 00420694 f   mfc120u:mfc120u.dll
 0001:0001f69a       ?Open@CStdioFile@@UAEHPB_WIPAVCFileException@@@Z 0042069a f   mfc120u:mfc120u.dll
 0001:0001f6a0       ?Flush@CStdioFile@@UAEXXZ  004206a0 f   mfc120u:mfc120u.dll
 0001:0001f6a6       ?Close@CStdioFile@@UAEXXZ  004206a6 f   mfc120u:mfc120u.dll
 0001:0001f6ac       ??0CDWordArray@@QAE@XZ     004206ac f   mfc120u:mfc120u.dll
 0001:0001f6b2       ?SetSize@CDWordArray@@QAEXHH@Z 004206b2 f   mfc120u:mfc120u.dll
 0001:0001f6b8       ?SetAtGrow@CDWordArray@@QAEXHK@Z 004206b8 f   mfc120u:mfc120u.dll
 0001:0001f6be       ??1CDWordArray@@UAE@XZ     004206be f   mfc120u:mfc120u.dll
 0001:0001f6c4       ?AfxLoadLibrary@@YGPAUHINSTANCE__@@PB_W@Z 004206c4 f   mfc120u:mfc120u.dll
 0001:0001f6ca       ?AfxFreeLibrary@@YGHPAUHINSTANCE__@@@Z 004206ca f   mfc120u:mfc120u.dll
 0001:0001f6d0       ??2@YAPAXI@Z               004206d0 f   mfc120u:mfc120u.dll
 0001:0001f6d6       ?AfxThrowArchiveException@@YGXHPB_W@Z 004206d6 f   mfc120u:mfc120u.dll
 0001:0001f6dc       ?GetRuntimeClass@CObject@@UBEPAUCRuntimeClass@@XZ 004206dc f   mfc120u:mfc120u.dll
 0001:0001f6e2       ?Read@CArchive@@QAEIPAXI@Z 004206e2 f   mfc120u:mfc120u.dll
 0001:0001f6e8       ?Write@CArchive@@QAEXPBXI@Z 004206e8 f   mfc120u:mfc120u.dll
 0001:0001f6ee       ?ReadCount@CArchive@@QAEKXZ 004206ee f   mfc120u:mfc120u.dll
 0001:0001f6f4       ?WriteCount@CArchive@@QAEXK@Z 004206f4 f   mfc120u:mfc120u.dll
 0001:0001f6fa       ?Create@CPlex@@SGPAU1@AAPAU1@II@Z 004206fa f   mfc120u:mfc120u.dll
 0001:0001f700       ?FreeDataChain@CPlex@@QAEXXZ 00420700 f   mfc120u:mfc120u.dll
 0001:0001f706       ?RemoveAt@CDWordArray@@QAEXHH@Z 00420706 f   mfc120u:mfc120u.dll
 0001:0001f70c       ?GetRuntimeClass@CWnd@@UBEPAUCRuntimeClass@@XZ 0042070c f   mfc120u:mfc120u.dll
 0001:0001f712       ??0CWnd@@QAE@XZ            00420712 f   mfc120u:mfc120u.dll
 0001:0001f718       ?PreTranslateMessage@CWnd@@UAEHPAUtagMSG@@@Z 00420718 f   mfc120u:mfc120u.dll
 0001:0001f71e       ??1CWnd@@UAE@XZ            0042071e f   mfc120u:mfc120u.dll
 0001:0001f724       ?CheckAutoCenter@CWnd@@UAEHXZ 00420724 f   mfc120u:mfc120u.dll
 0001:0001f72a       ?SetOccDialogInfo@CWnd@@MAEHPAU_AFX_OCC_DIALOG_INFO@@@Z 0042072a f   mfc120u:mfc120u.dll
 0001:0001f730       ?GetOccDialogInfo@CWnd@@MAEPAU_AFX_OCC_DIALOG_INFO@@XZ 00420730 f   mfc120u:mfc120u.dll
 0001:0001f736       ?GetThisMessageMap@CWnd@@KGPBUAFX_MSGMAP@@XZ 00420736 f   mfc120u:mfc120u.dll
 0001:0001f73c       ?AfxGetThread@@YGPAVCWinThread@@XZ 0042073c f   mfc120u:mfc120u.dll
 0001:0001f742       ??0CSyncObject@@QAE@PB_W@Z 00420742 f   mfc120u:mfc120u.dll
 0001:0001f748       ??1CSyncObject@@UAE@XZ     00420748 f   mfc120u:mfc120u.dll
 0001:0001f74e       ?GetRuntimeClass@CCriticalSection@@UBEPAUCRuntimeClass@@XZ 0042074e f   mfc120u:mfc120u.dll
 0001:0001fa05       _wWinMainCRTStartup        00420a05 f   msvcrt:wcrtexew.obj
 0001:0001fa0f       ___atonexitinit            00420a0f f   msvcrt:atonexit.obj
 0001:0001fa4b       __onexit                   00420a4b f   msvcrt:atonexit.obj
 0001:0001faf4       _atexit                    00420af4 f   msvcrt:atonexit.obj
 0001:0001fb09       @__security_check_cookie@4 00420b09 f   msvcrt:secchk.obj
 0001:0001fb18       ___CxxFrameHandler3        00420b18 f   msvcrt:MSVCR120.dll
 0001:0001fb20       __chkstk                   00420b20 f   msvcrt:chkstk.obj
 0001:0001fb20       __alloca_probe             00420b20 f   msvcrt:chkstk.obj
 0001:0001fb4b       ??_Etype_info@@UAEPAXI@Z   00420b4b f i msvcrt:ti_inst.obj
 0001:0001fb96       __purecall                 00420b96 f   msvcrt:MSVCR120.dll
 0001:0001fb9c       _memset                    00420b9c f   msvcrt:MSVCR120.dll
 0001:0001fba2       _free                      00420ba2 f   msvcrt:MSVCR120.dll
 0001:0001fbb0       __ftoui3                   00420bb0 f   msvcrt:ftol3.obj
 0001:0001fbbf       __ftoul3                   00420bbf f   msvcrt:ftol3.obj
 0001:0001fbce       __ftol3                    00420bce f   msvcrt:ftol3.obj
 0001:0001fbdb       __ftol3_NaN                00420bdb f   msvcrt:ftol3.obj
 0001:0001fbf3       __ftol3_work               00420bf3 f   msvcrt:ftol3.obj
 0001:0001fc79       __ftol3_common             00420c79 f   msvcrt:ftol3.obj
 0001:0001fd3b       __ftol3_arg_error          00420d3b f   msvcrt:ftol3.obj
 0001:0001fd4d       __ftol3_except             00420d4d f   msvcrt:ftol3.obj
 0001:0001fd91       __dtoui3                   00420d91 f   msvcrt:ftol3.obj
 0001:0001fda0       __dtoul3                   00420da0 f   msvcrt:ftol3.obj
 0001:0001fdaf       __dtol3                    00420daf f   msvcrt:ftol3.obj
 0001:0001fdbc       __dtol3_NaN                00420dbc f   msvcrt:ftol3.obj
 0001:0001fdd9       __dtol3_work               00420dd9 f   msvcrt:ftol3.obj
 0001:0001febe       __ultod3                   00420ebe f   msvcrt:ftol3.obj
 0001:0001ff4f       __ltod3                    00420f4f f   msvcrt:ftol3.obj
 0001:0001ff80       __ftol2_sse                00420f80 f   msvcrt:ftol2.obj
 0001:0001ff89       __ftol2_pentium4           00420f89 f   msvcrt:ftol2.obj
 0001:0001ff9c       __ftol2_sse_excpt          00420f9c f   msvcrt:ftol2.obj
 0001:0001ffb6       __ftol2                    00420fb6 f   msvcrt:ftol2.obj
 0001:0002002c       _memcpy                    0042102c f   msvcrt:MSVCR120.dll
 0001:00020040       __allmul                   00421040 f   msvcrt:llmul.obj
 0001:00020074       __CxxThrowException@8      00421074 f   msvcrt:MSVCR120.dll
 0001:0002007a       ??_L@YGXPAXIHP6EX0@Z1@Z    0042107a f   msvcrt:ehvecctr.obj
 0001:000200dc       ??_M@YGXPAXIHP6EX0@Z@Z     004210dc f   msvcrt:ehvecdtr.obj
 0001:0002014b       ?__ArrayUnwind@@YGXPAXIHP6EX0@Z@Z 0042114b f   msvcrt:ehvecdtr.obj
 0001:000201b0       __SEH_prolog4              004211b0 f   msvcrt:sehprolg4.obj
 0001:000201f5       __SEH_epilog4              004211f5 f   msvcrt:sehprolg4.obj
 0001:00020210       __SEH_prolog4_GS           00421210 f   msvcrt:sehprolg4gs.obj
 0001:00020258       __SEH_epilog4_GS           00421258 f   msvcrt:sehprolg4gs.obj
 0001:00020267       __except_handler4          00421267 f   msvcrt:chandler4gs.obj
 0001:0002028a       ?__CxxUnhandledExceptionFilter@@YGJPAU_EXCEPTION_POINTERS@@@Z 0042128a f   msvcrt:unhandld.obj
 0001:000202cb       ___CxxSetUnhandledExceptionFilter 004212cb f   msvcrt:unhandld.obj
 0001:000202da       __XcptFilter               004212da f   msvcrt:MSVCR120.dll
 0001:000202e0       __amsg_exit                004212e0 f   msvcrt:MSVCR120.dll
 0001:000202f0       ?GetApplicationRestartFlags@CWinApp@@UAEKXZ 004212f0 f   AccessServer.obj
 0001:000202f0       ?GetApplicationRecoveryParameter@CWinApp@@UAEPAXXZ 004212f0 f   AccessServer.obj
 0001:000202f0       __wsetargv                 004212f0 f   msvcrt:wdllargv.obj
 0001:000202f0       __matherr                  004212f0 f   msvcrt:merr.obj
 0001:00020300       __FindPESection            00421300 f   msvcrt:pesect.obj
 0001:00020350       __IsNonwritableInCurrentImage 00421350 f   msvcrt:pesect.obj
 0001:00020410       __ValidateImageBase        00421410 f   msvcrt:pesect.obj
 0001:00020441       ___security_init_cookie    00421441 f   msvcrt:gs_support.obj
 0001:000204dd       __RTC_Initialize           004214dd f   msvcrt:initsect.obj
 0001:000204fd       __RTC_Terminate            004214fd f   msvcrt:initsect.obj
 0001:0002051d       __setdefaultprecision      0042151d f   msvcrt:fp8.obj
 0001:00020544       __initterm_e               00421544 f   msvcrt:MSVCR120.dll
 0001:0002054a       __initterm                 0042154a f   msvcrt:MSVCR120.dll
 0001:00020550       __lock                     00421550 f   msvcrt:MSVCR120.dll
 0001:00020556       __unlock                   00421556 f   msvcrt:MSVCR120.dll
 0001:0002055c       ___dllonexit               0042155c f   msvcrt:MSVCR120.dll
 0001:00020562       ___raise_securityfailure   00421562 f   msvcrt:gs_report.obj
 0001:0002059f       ___report_gsfailure        0042159f f   msvcrt:gs_report.obj
 0001:0002069a       ??1type_info@@UAE@XZ       0042169a f   msvcrt:MSVCR120.dll
 0001:000206a0       __except1                  004216a0 f   msvcrt:MSVCR120.dll
 0001:000206a6       ___isa_available_init      004216a6 f   msvcrt:cpu_disp.obj
 0001:00020820       ?terminate@@YAXXZ          00421820 f   msvcrt:MSVCR120.dll
 0001:00020826       __except_handler4_common   00421826 f   msvcrt:MSVCR120.dll
 0001:0002082c       ___crtSetUnhandledExceptionFilter 0042182c f   msvcrt:MSVCR120.dll
 0001:00020832       __invoke_watson            00421832 f   msvcrt:MSVCR120.dll
 0001:00020838       __controlfp_s              00421838 f   msvcrt:MSVCR120.dll
 0001:0002083e       __crt_debugger_hook        0042183e f   msvcrt:MSVCR120.dll
 0001:00020844       ___crtUnhandledException   00421844 f   msvcrt:MSVCR120.dll
 0001:0002084a       ___crtTerminateProcess     0042184a f   msvcrt:MSVCR120.dll
 0001:00020850       _IsProcessorFeaturePresent@4 00421850 f   kernel32:KERNEL32.dll
 0001:00020856       ??0CAtlBaseModule@ATL@@QAE@XZ 00421856 f   atls:atlbase.obj
 0001:000208a9       ??0_ATL_BASE_MODULE70@ATL@@QAE@XZ 004218a9 f i atls:atlbase.obj
 0001:000208cc       ??1CAtlBaseModule@ATL@@QAE@XZ 004218cc f   atls:atlbase.obj
 0001:000208e2       ?RemoveAll@?$CSimpleArray@PAUHINSTANCE__@@V?$CSimpleArrayEqualHelper@PAUHINSTANCE__@@@ATL@@@ATL@@QAEXXZ 004218e2 f i atls:atlbase.obj
 0001:00020900       _MiniDumpWriteDump@28      00421900 f   DbgHelp:dbghelp.dll
 0001:00020906       ?AfxInitialize@@YGHHK@Z    00421906 f   mfcs120u:appmodul.obj
 0001:00020921       _wWinMain@16               00421921 f   mfcs120u:appmodul.obj
 0001:0002092a       ?AfxWinMain@@YGHPAUHINSTANCE__@@0PA_WH@Z 0042192a f   mfc120u:mfc120u.dll
 0002:00000000       __imp__InitCommonControls@0 00424000     comctl32:COMCTL32.dll
 0002:00000004       \177COMCTL32_NULL_THUNK_DATA 00424004     comctl32:COMCTL32.dll
 0002:00000008       __imp__CreateFileW@28      00424008     kernel32:KERNEL32.dll
 0002:0000000c       __imp__GetFileAttributesW@4 0042400c     kernel32:KERNEL32.dll
 0002:00000010       __imp__CloseHandle@4       00424010     kernel32:KERNEL32.dll
 0002:00000014       __imp__SetUnhandledExceptionFilter@4 00424014     kernel32:KERNEL32.dll
 0002:00000018       __imp__GetCurrentProcess@0 00424018     kernel32:KERNEL32.dll
[...]
 0002:00007e98       __unwindtable$?OnRequestSetCaptainPoint@CDataBaseEngineSink@@IAE_NKPAXG@Z 0042be98     DataBaseEngineSink.obj
 0002:00007eb0       __ehfuncinfo$?OnRequestSetCaptainPoint@CDataBaseEngineSink@@IAE_NKPAXG@Z 0042beb0     DataBaseEngineSink.obj
 0002:00007ed4       __catchsym$?OnRequestOpenBox@CDataBaseEngineSink@@IAE_NKPAXG@Z$3 0042bed4     DataBaseEngineSink.obj
 0002:00007ee4       __tryblocktable$?OnRequestOpenBox@CDataBaseEngineSink@@IAE_NKPAXG@Z 0042bee4     DataBaseEngineSink.obj
 0002:00007ef8       __unwindtable$?OnRequestOpenBox@CDataBaseEngineSink@@IAE_NKPAXG@Z 0042bef8     DataBaseEngineSink.obj
 0002:00007f10       __ehfuncinfo$?OnRequestOpenBox@CDataBaseEngineSink@@IAE_NKPAXG@Z 0042bf10     DataBaseEngineSink.obj
 0002:00007f34       __catchsym$?OnRequestGetAwardScore@CDataBaseEngineSink@@IAE_NKPAXG@Z$3 0042bf34     DataBaseEngineSink.obj
 0002:00007f44       __tryblocktable$?OnRequestGetAwardScore@CDataBaseEngineSink@@IAE_NKPAXG@Z 0042bf44     DataBaseEngineSink.obj
 0002:00007f58       __unwindtable$?OnRequestGetAwardScore@CDataBaseEngineSink@@IAE_NKPAXG@Z 0042bf58     DataBaseEngineSink.obj
 0002:00007f70       __ehfuncinfo$?OnRequestGetAwardScore@CDataBaseEngineSink@@IAE_NKPAXG@Z 0042bf70     DataBaseEngineSink.obj
 0002:00007f94       __catchsym$?OnRequestInvitationCode@CDataBaseEngineSink@@IAE_NKPAXG@Z$3 0042bf94     DataBaseEngineSink.obj
 0002:00007fa4       __tryblocktable$?OnRequestInvitationCode@CDataBaseEngineSink@@IAE_NKPAXG@Z 0042bfa4     DataBaseEngineSink.obj
 0002:00007fb8       __unwindtable$?OnRequestInvitationCode@CDataBaseEngineSink@@IAE_NKPAXG@Z 0042bfb8     DataBaseEngineSink.obj
 0002:00007fd0       __ehfuncinfo$?OnRequestInvitationCode@CDataBaseEngineSink@@IAE_NKPAXG@Z 0042bfd0     DataBaseEngineSink.obj
 0002:00007ff4       __catchsym$?OnRequestBlindCode@CDataBaseEngineSink@@IAE_NKPAXG@Z$3 0042bff4     DataBaseEngineSink.obj
 0002:00008004       __tryblocktable$?OnRequestBlindCode@CDataBaseEngineSink@@IAE_NKPAXG@Z 0042c004     DataBaseEngineSink.obj
 0002:00008018       __unwindtable$?OnRequestBlindCode@CDataBaseEngineSink@@IAE_NKPAXG@Z 0042c018     DataBaseEngineSink.obj
 0002:00008030       __ehfuncinfo$?OnRequestBlindCode@CDataBaseEngineSink@@IAE_NKPAXG@Z 0042c030     DataBaseEngineSink.obj
 0002:00008054       __catchsym$?OnRequestCheckNewUser@CDataBaseEngineSink@@IAE_NKPAXG@Z$2 0042c054     DataBaseEngineSink.obj
 0002:00008064       __unwindtable$?OnRequestCheckNewUser@CDataBaseEngineSink@@IAE_NKPAXG@Z 0042c064     DataBaseEngineSink.obj
 0002:00008074       __tryblocktable$?OnRequestCheckNewUser@CDataBaseEngineSink@@IAE_NKPAXG@Z 0042c074     DataBaseEngineSink.obj
 0002:00008088       __ehfuncinfo$?OnRequestCheckNewUser@CDataBaseEngineSink@@IAE_NKPAXG@Z 0042c088     DataBaseEngineSink.obj
 0002:000080ac       __catchsym$?OnRequestQueryScore@CDataBaseEngineSink@@IAE_NKPAXG@Z$3 0042c0ac     DataBaseEngineSink.obj
 0002:000080bc       __tryblocktable$?OnRequestQueryScore@CDataBaseEngineSink@@IAE_NKPAXG@Z 0042c0bc     DataBaseEngineSink.obj
 0002:000080d0       __unwindtable$?OnRequestQueryScore@CDataBaseEngineSink@@IAE_NKPAXG@Z 0042c0d0     DataBaseEngineSink.obj
 0002:000080e8       __ehfuncinfo$?OnRequestQueryScore@CDataBaseEngineSink@@IAE_NKPAXG@Z 0042c0e8     DataBaseEngineSink.obj
 0002:0000810c       __catchsym$?OnRequestUpdateOnlineStatus@CDataBaseEngineSink@@IAE_NKPAXG@Z$2 0042c10c     DataBaseEngineSink.obj
 0002:0000811c       __unwindtable$?OnRequestUpdateOnlineStatus@CDataBaseEngineSink@@IAE_NKPAXG@Z 0042c11c     DataBaseEngineSink.obj
 0002:0000812c       __tryblocktable$?OnRequestUpdateOnlineStatus@CDataBaseEngineSink@@IAE_NKPAXG@Z 0042c12c     DataBaseEngineSink.obj
 0002:00008140       __ehfuncinfo$?OnRequestUpdateOnlineStatus@CDataBaseEngineSink@@IAE_NKPAXG@Z 0042c140     DataBaseEngineSink.obj
 0002:00008164       __catchsym$?OnRequestLoadSingleGroup@CDataBaseEngineSink@@IAE_NKPAXG@Z$2 0042c164     DataBaseEngineSink.obj
 0002:00008174       __unwindtable$?OnRequestLoadSingleGroup@CDataBaseEngineSink@@IAE_NKPAXG@Z 0042c174     DataBaseEngineSink.obj
 0002:00008184       __tryblocktable$?OnRequestLoadSingleGroup@CDataBaseEngineSink@@IAE_NKPAXG@Z 0042c184     DataBaseEngineSink.obj
 0002:00008198       __ehfuncinfo$?OnRequestLoadSingleGroup@CDataBaseEngineSink@@IAE_NKPAXG@Z 0042c198     DataBaseEngineSink.obj
 0002:000081bc       __catchsym$?OnRequestModifyInfo@CDataBaseEngineSink@@IAE_NKPAXG@Z$3 0042c1bc     DataBaseEngineSink.obj
 0002:000081cc       __tryblocktable$?OnRequestModifyInfo@CDataBaseEngineSink@@IAE_NKPAXG@Z 0042c1cc     DataBaseEngineSink.obj
 0002:000081e0       __unwindtable$?OnRequestModifyInfo@CDataBaseEngineSink@@IAE_NKPAXG@Z 0042c1e0     DataBaseEngineSink.obj
 0002:000081f8       __ehfuncinfo$?OnRequestModifyInfo@CDataBaseEngineSink@@IAE_NKPAXG@Z 0042c1f8     DataBaseEngineSink.obj
 0002:0000821c       __catchsym$?OnRequestUpdateMember@CDataBaseEngineSink@@IAE_NKPAXG@Z$2 0042c21c     DataBaseEngineSink.obj
 0002:0000822c       __unwindtable$?OnRequestUpdateMember@CDataBaseEngineSink@@IAE_NKPAXG@Z 0042c22c     DataBaseEngineSink.obj
 0002:0000823c       __tryblocktable$?OnRequestUpdateMember@CDataBaseEngineSink@@IAE_NKPAXG@Z 0042c23c     DataBaseEngineSink.obj
 0002:00008250       __ehfuncinfo$?OnRequestUpdateMember@CDataBaseEngineSink@@IAE_NKPAXG@Z 0042c250     DataBaseEngineSink.obj
 0002:00008274       __catchsym$?OnRequestLoadGroupList@CDataBaseEngineSink@@IAE_NKPAXG@Z$2 0042c274     DataBaseEngineSink.obj
 0002:00008284       __unwindtable$?OnRequestLoadGroupList@CDataBaseEngineSink@@IAE_NKPAXG@Z 0042c284     DataBaseEngineSink.obj
 0002:00008294       __tryblocktable$?OnRequestLoadGroupList@CDataBaseEngineSink@@IAE_NKPAXG@Z 0042c294     DataBaseEngineSink.obj
 0002:000082a8       __ehfuncinfo$?OnRequestLoadGroupList@CDataBaseEngineSink@@IAE_NKPAXG@Z 0042c2a8     DataBaseEngineSink.obj
 0002:000082cc       __catchsym$?OnRequestLoadGroupItem@CDataBaseEngineSink@@IAE_NKPAXG@Z$2 0042c2cc     DataBaseEngineSink.obj
 0002:000082dc       __unwindtable$?OnRequestLoadGroupItem@CDataBaseEngineSink@@IAE_NKPAXG@Z 0042c2dc     DataBaseEngineSink.obj
 0002:000082ec       __tryblocktable$?OnRequestLoadGroupItem@CDataBaseEngineSink@@IAE_NKPAXG@Z 0042c2ec     DataBaseEngineSink.obj
 0002:00008300       __ehfuncinfo$?OnRequestLoadGroupItem@CDataBaseEngineSink@@IAE_NKPAXG@Z 0042c300     DataBaseEngineSink.obj
 0002:00008324       __catchsym$?OnRequestLoadGroupMember@CDataBaseEngineSink@@IAE_NKPAXG@Z$2 0042c324     DataBaseEngineSink.obj
 0002:00008334       __unwindtable$?OnRequestLoadGroupMember@CDataBaseEngineSink@@IAE_NKPAXG@Z 0042c334     DataBaseEngineSink.obj
 0002:00008344       __tryblocktable$?OnRequestLoadGroupMember@CDataBaseEngineSink@@IAE_NKPAXG@Z 0042c344     DataBaseEngineSink.obj
 0002:00008358       __ehfuncinfo$?OnRequestLoadGroupMember@CDataBaseEngineSink@@IAE_NKPAXG@Z 0042c358     DataBaseEngineSink.obj
 0002:0000837c       __catchsym$?OnRequestLoadGroupConfig@CDataBaseEngineSink@@IAE_NKPAXG@Z$2 0042c37c     DataBaseEngineSink.obj
 0002:0000838c       __unwindtable$?OnRequestLoadGroupConfig@CDataBaseEngineSink@@IAE_NKPAXG@Z 0042c38c     DataBaseEngineSink.obj
 0002:0000839c       __tryblocktable$?OnRequestLoadGroupConfig@CDataBaseEngineSink@@IAE_NKPAXG@Z 0042c39c     DataBaseEngineSink.obj
 0002:000083b0       __ehfuncinfo$?OnRequestLoadGroupConfig@CDataBaseEngineSink@@IAE_NKPAXG@Z 0042c3b0     DataBaseEngineSink.obj
 0002:000083d4       __unwindtable$?ExtractGroupID@CDataBaseEngineSink@@IAEGPB_WAAVCDWordArray@@@Z 0042c3d4     DataBaseEngineSink.obj
 0002:000083ec       __ehfuncinfo$?ExtractGroupID@CDataBaseEngineSink@@IAEGPB_WAAVCDWordArray@@@Z 0042c3ec     DataBaseEngineSink.obj
 0002:00008410       __unwindtable$?TraceDatabaseException@CDataBaseEngineSink@@IAEXPAD0HPAUIDataBaseException@@@Z 0042c410     DataBaseEngineSink.obj
 0002:00008418       __ehfuncinfo$?TraceDatabaseException@CDataBaseEngineSink@@IAEXPAD0HPAUIDataBaseException@@@Z 0042c418     DataBaseEngineSink.obj
 0002:0000843c       __unwindtable$??1CGroupItem@@MAE@XZ 0042c43c     GroupInfoManager.obj
 0002:00008454       __ehfuncinfo$??1CGroupItem@@MAE@XZ 0042c454     GroupInfoManager.obj
 0002:00008478       __unwindtable$??0CGroupInfoManager@@QAE@XZ 0042c478     GroupInfoManager.obj
 0002:00008488       __ehfuncinfo$??0CGroupInfoManager@@QAE@XZ 0042c488     GroupInfoManager.obj
 0002:000084ac       __catchsym$??1CGroupInfoManager@@UAE@XZ$7 0042c4ac     GroupInfoManager.obj
 0002:000084bc       __catchsym$??1CGroupInfoManager@@UAE@XZ$6 0042c4bc     GroupInfoManager.obj
 0002:000084cc       __ehfuncinfo$??1CGroupInfoManager@@UAE@XZ 0042c4cc     GroupInfoManager.obj
 0002:000084f0       __tryblocktable$??1CGroupInfoManager@@UAE@XZ 0042c4f0     GroupInfoManager.obj
 0002:00008518       __unwindtable$??1CGroupInfoManager@@UAE@XZ 0042c518     GroupInfoManager.obj
 0002:00008548       __catchsym$?ActiveGroupItem@CGroupInfoManager@@UAE_NAAUtagIMGroupItem@@@Z$3 0042c548     GroupInfoManager.obj
 0002:00008558       __unwindtable$?ActiveGroupItem@CGroupInfoManager@@UAE_NAAUtagIMGroupItem@@@Z 0042c558     GroupInfoManager.obj
 0002:00008568       __tryblocktable$?ActiveGroupItem@CGroupInfoManager@@UAE_NAAUtagIMGroupItem@@@Z 0042c568     GroupInfoManager.obj
 0002:0000857c       __ehfuncinfo$?ActiveGroupItem@CGroupInfoManager@@UAE_NAAUtagIMGroupItem@@@Z 0042c57c     GroupInfoManager.obj
 0002:000085f4       __unwindtable$?LoadInitParameter@CInitParameter@@QAEXXZ 0042c5f4     InitParameter.obj
 0002:000085fc       __ehfuncinfo$?LoadInitParameter@CInitParameter@@QAEXXZ 0042c5fc     InitParameter.obj
 0002:00008620       __unwindtable$??0CServerListManager@NServerListManager@@QAE@XZ 0042c620     ServerListManager.obj
 0002:00008630       __ehfuncinfo$??0CServerListManager@NServerListManager@@QAE@XZ 0042c630     ServerListManager.obj
 0002:00008654       __ehfuncinfo$??1CServerListManager@NServerListManager@@UAE@XZ 0042c654     ServerListManager.obj
 0002:00008678       __unwindtable$??1CServerListManager@NServerListManager@@UAE@XZ 0042c678     ServerListManager.obj
 0002:000086a8       __catchsym$?InsertGameServer@CServerListManager@NServerListManager@@QAE_NPAUtagGameServer@@@Z$3 0042c6a8     ServerListManager.obj
 0002:000086b8       __unwindtable$?InsertGameServer@CServerListManager@NServerListManager@@QAE_NPAUtagGameServer@@@Z 0042c6b8     ServerListManager.obj
 0002:000086c8       __tryblocktable$?InsertGameServer@CServerListManager@NServerListManager@@QAE_NPAUtagGameServer@@@Z 0042c6c8     ServerListManager.obj
 0002:000086dc       __ehfuncinfo$?InsertGameServer@CServerListManager@NServerListManager@@QAE_NPAUtagGameServer@@@Z 0042c6dc     ServerListManager.obj
 0002:00008700       __unwindtable$??0CLocalUserItem@@IAE@XZ 0042c700     ServerUserManager.obj
 0002:00008710       __ehfuncinfo$??0CLocalUserItem@@IAE@XZ 0042c710     ServerUserManager.obj
 0002:00008734       __unwindtable$??_GCLocalUserItem@@MAEPAXI@Z 0042c734     ServerUserManager.obj
 0002:0000873c       __ehfuncinfo$??_GCLocalUserItem@@MAEPAXI@Z 0042c73c     ServerUserManager.obj
 0002:00008760       __unwindtable$??0CServerUserManager@@QAE@XZ 0042c760     ServerUserManager.obj
 0002:00008778       __ehfuncinfo$??0CServerUserManager@@QAE@XZ 0042c778     ServerUserManager.obj
 0002:0000879c       __catchsym$??1CServerUserManager@@UAE@XZ$8 0042c79c     ServerUserManager.obj
 0002:000087ac       __catchsym$??1CServerUserManager@@UAE@XZ$7 0042c7ac     ServerUserManager.obj
 0002:000087bc       __ehfuncinfo$??1CServerUserManager@@UAE@XZ 0042c7bc     ServerUserManager.obj
 0002:000087e0       __tryblocktable$??1CServerUserManager@@UAE@XZ 0042c7e0     ServerUserManager.obj
 0002:00008808       __unwindtable$??1CServerUserManager@@UAE@XZ 0042c808     ServerUserManager.obj
 0002:00008840       __catchsym$?InsertRemoteUserItem@CServerUserManager@@UAEPAVCRemoteUserItem@@AAUtagIMUserInfo@@@Z$3 0042c840     ServerUserManager.obj
 0002:00008850       __unwindtable$?InsertRemoteUserItem@CServerUserManager@@UAEPAVCRemoteUserItem@@AAUtagIMUserInfo@@@Z 0042c850     ServerUserManager.obj
 0002:00008860       __tryblocktable$?InsertRemoteUserItem@CServerUserManager@@UAEPAVCRemoteUserItem@@AAUtagIMUserInfo@@@Z 0042c860     ServerUserManager.obj
 0002:00008874       __ehfuncinfo$?InsertRemoteUserItem@CServerUserManager@@UAEPAVCRemoteUserItem@@AAUtagIMUserInfo@@@Z 0042c874     ServerUserManager.obj
 0002:00008898       __catchsym$?InsertLocalUserItem@CServerUserManager@@UAEPAVCLocalUserItem@@AAUtagIMUserInfo@@PB_W@Z$3 0042c898     ServerUserManager.obj
 0002:000088a8       __tryblocktable$?InsertLocalUserItem@CServerUserManager@@UAEPAVCLocalUserItem@@AAUtagIMUserInfo@@PB_W@Z 0042c8a8     ServerUserManager.obj
 0002:000088bc       __unwindtable$?InsertLocalUserItem@CServerUserManager@@UAEPAVCLocalUserItem@@AAUtagIMUserInfo@@PB_W@Z 0042c8bc     ServerUserManager.obj
 0002:000088d4       __ehfuncinfo$?InsertLocalUserItem@CServerUserManager@@UAEPAVCLocalUserItem@@AAUtagIMUserInfo@@PB_W@Z 0042c8d4     ServerUserManager.obj
 0002:000088f8       __ehfuncinfo$??0CServiceUnits@@QAE@XZ 0042c8f8     ServiceUnits.obj
 0002:0000891c       __unwindtable$??0CServiceUnits@@QAE@XZ 0042c91c     ServiceUnits.obj
 0002:0000894c       __ehfuncinfo$??1CServiceUnits@@UAE@XZ 0042c94c     ServiceUnits.obj
 0002:00008970       __unwindtable$??1CServiceUnits@@UAE@XZ 0042c970     ServiceUnits.obj
 0002:000089e8       __unwindtable$?PostControlRequest@CServiceUnits@@UAA_NGPAXG@Z 0042c9e8     ServiceUnits.obj
 0002:000089f0       __ehfuncinfo$?PostControlRequest@CServiceUnits@@UAA_NGPAXG@Z 0042c9f0     ServiceUnits.obj
 0002:00008a14       __unwindtable$?OnUIControlRequest@CServiceUnits@@IAEJIJ@Z 0042ca14     ServiceUnits.obj
 0002:00008a1c       __ehfuncinfo$?OnUIControlRequest@CServiceUnits@@IAEJIJ@Z 0042ca1c     ServiceUnits.obj
 0002:00008a40       __catchsym$??1CWordNode@@UAE@XZ$4 0042ca40     WordFilter.obj
 0002:00008a50       __tryblocktable$??1CWordNode@@UAE@XZ 0042ca50     WordFilter.obj
 0002:00008a64       __unwindtable$??1CWordNode@@UAE@XZ 0042ca64     WordFilter.obj
 0002:00008a84       __ehfuncinfo$??1CWordNode@@UAE@XZ 0042ca84     WordFilter.obj
 0002:00008aa8       __catchsym$?InsertChild@CWordNode@@QAEPAV1@D@Z$3 0042caa8     WordFilter.obj
 0002:00008ab8       __unwindtable$?InsertChild@CWordNode@@QAEPAV1@D@Z 0042cab8     WordFilter.obj
 0002:00008ac8       __tryblocktable$?InsertChild@CWordNode@@QAEPAV1@D@Z 0042cac8     WordFilter.obj
 0002:00008adc       __ehfuncinfo$?InsertChild@CWordNode@@QAEPAV1@D@Z 0042cadc     WordFilter.obj
 0002:00008b00       __catchsym$??1CWordTree@@UAE@XZ$2 0042cb00     WordFilter.obj
 0002:00008b10       __unwindtable$??1CWordTree@@UAE@XZ 0042cb10     WordFilter.obj
 0002:00008b20       __tryblocktable$??1CWordTree@@UAE@XZ 0042cb20     WordFilter.obj
 0002:00008b34       __ehfuncinfo$??1CWordTree@@UAE@XZ 0042cb34     WordFilter.obj
 0002:00008b58       __catchsym$?RebuildTree@CWordTree@@IAEXXZ$6 0042cb58     WordFilter.obj
 0002:00008b68       __catchsym$?RebuildTree@CWordTree@@IAEXXZ$5 0042cb68     WordFilter.obj
 0002:00008b78       __unwindtable$?RebuildTree@CWordTree@@IAEXXZ 0042cb78     WordFilter.obj
 0002:00008b98       __ehfuncinfo$?RebuildTree@CWordTree@@IAEXXZ 0042cb98     WordFilter.obj
 0002:00008bbc       __tryblocktable$?RebuildTree@CWordTree@@IAEXXZ 0042cbbc     WordFilter.obj
 0002:00008be4       __unwindtable$??0CWordFilter@@QAE@XZ 0042cbe4     WordFilter.obj
 0002:00008bec       __ehfuncinfo$??0CWordFilter@@QAE@XZ 0042cbec     WordFilter.obj
 0002:00008c10       __unwindtable$?InsertKeyword@CWordFilter@@QAE_NPB_W@Z 0042cc10     WordFilter.obj
 0002:00008c18       __ehfuncinfo$?InsertKeyword@CWordFilter@@QAE_NPB_W@Z 0042cc18     WordFilter.obj
 0002:00008c3c       __unwindtable$?FilterWords@CWordFilter@@QAE_NPB_W@Z 0042cc3c     WordFilter.obj
 0002:00008c44       __ehfuncinfo$?FilterWords@CWordFilter@@QAE_NPB_W@Z 0042cc44     WordFilter.obj
 0002:00008c68       __sehtable$___tmainCRTStartup 0042cc68     msvcrt:wcrtexew.obj
 0002:00008c88       __sehtable$__onexit        0042cc88     msvcrt:atonexit.obj
 0002:00008ca8       __sehtable$??_L@YGXPAXIHP6EX0@Z1@Z 0042cca8     msvcrt:ehvecctr.obj
 0002:00008cc8       __sehtable$??_M@YGXPAXIHP6EX0@Z@Z 0042ccc8     msvcrt:ehvecdtr.obj
 0002:00008ce8       __sehtable$?__ArrayUnwind@@YGXPAXIHP6EX0@Z@Z 0042cce8     msvcrt:ehvecdtr.obj
 0002:00008d08       __sehtable$__IsNonwritableInCurrentImage 0042cd08     msvcrt:pesect.obj
 0002:00009354       .idata$6                   0042d354     mfc120u:mfc120u.dll
 0002:000095a8       .idata$6                   0042d5a8     msvcrt:MSVCR120.dll
 0002:000098fc       .idata$6                   0042d8fc     kernel32:KERNEL32.dll
 0002:0000995e       .idata$6                   0042d95e     user32:USER32.dll
 0002:0000996a       .idata$6                   0042d96a     comctl32:COMCTL32.dll
 0002:00009978       .idata$6                   0042d978     oleaut32:OLEAUT32.dll
 0002:00009b4c       .idata$6                   0042db4c     ServiceCore:ServiceCore.dll
 0002:0000a076       .idata$6                   0042e076     KernelEngine:KernelEngine.dll
 0002:0000a09c       .idata$6                   0042e09c     DbgHelp:dbghelp.dll
 0003:000001e0       _PADDING                   0042f1e0     Stdafx.obj
 0003:00000b94       ?strFile@?4??SendLogData@CAttemperEngineSink@@IAAXPB_WZZ@4V?$CStringT@_WV?$StrTraitMFC_DLL@_WV?$ChTraitsCRT@_W@ATL@@@@@ATL@@A 0042fb94     AttemperEngineSink.obj
 0003:00000b98       ?$S1@?4??SendLogData@CAttemperEngineSink@@IAAXPB_WZZ@4IA 0042fb98     AttemperEngineSink.obj
 0003:00000ba8       _g_sResult                 0042fba8     Stdafx.obj
 0003:000013b0       _g_wsResult                004303b0     Stdafx.obj
 0003:00001bbc       _has_cctor                 00430bbc     msvcrt:wcrtexew.obj
 0003:00001bc0       _mainret                   00430bc0     msvcrt:wcrtexew.obj
 0003:00001bc4       _managedapp                00430bc4     msvcrt:wcrtexew.obj
 0003:00001bc8       _argc                      00430bc8     msvcrt:wcrtexew.obj
 0003:00001bcc       _argv                      00430bcc     msvcrt:wcrtexew.obj
 0003:00001bd0       _envp                      00430bd0     msvcrt:wcrtexew.obj
 0003:00001bd4       _argret                    00430bd4     msvcrt:wcrtexew.obj
 0003:00001bd8       _startinfo                 00430bd8     msvcrt:wcrtexew.obj
 0003:00001bf0       _GS_ExceptionRecord        00430bf0     msvcrt:gs_report.obj
 0003:00001c40       _GS_ContextRecord          00430c40     msvcrt:gs_report.obj
 0003:00001f0c       _DebuggerWasPresent        00430f0c     msvcrt:gs_report.obj
 0004:00000390       $R000000                   00431390     AccessServer.res
 0004:000009f8       $R000668                   004319f8     AccessServer.res
 0004:00000ce0       $R000950                   00431ce0     AccessServer.res
 0004:00000e08       $R000A78                   00431e08     AccessServer.res
 0004:00001cb0       $R001920                   00432cb0     AccessServer.res
 0004:00002558       $R0021C8                   00433558     AccessServer.res
 0004:00002ac0       $R002730                   00433ac0     AccessServer.res
 0004:00044ae8       $R044758                   00475ae8     AccessServer.res
 0004:00055310       $R054F80                   00486310     AccessServer.res
 0004:000578b8       $R057528                   004888b8     AccessServer.res
 0004:00058960       $R0585D0                   00489960     AccessServer.res
 0004:00058dc8       $R058A38                   00489dc8     AccessServer.res
 0004:00058e68       $R058AD8                   00489e68     AccessServer.res
 0004:00058f68       $R058BD8                   00489f68     AccessServer.res
 0004:00059240       $R058EB0                   0048a240     AccessServer.res
 0004:00059540       $R0591B0                   0048a540     AccessServer.res
